2025-01-18 15:00:44,935 - INFO: [31m[1mWARNING: This is a development server. Do not use it in a production deployment. Use a production WSGI server instead.[0m
 * Running on http://127.0.0.1:8000
2025-01-18 15:00:44,955 - INFO: [33mPress CTRL+C to quit[0m
2025-01-18 15:00:44,964 - INFO:  * Restarting with stat
2025-01-18 15:01:32,475 - WARNING:  * Debugger is active!
2025-01-18 15:01:32,475 - INFO:  * Debugger PIN: 673-983-490
2025-01-18 15:01:32,507 - INFO: 127.0.0.1 - - [18/Jan/2025 15:01:32] "OPTIONS /ai/chat HTTP/1.1" 200 -
2025-01-18 15:01:32,820 - INFO: 127.0.0.1 - - [18/Jan/2025 15:01:32] "POST /ai/chat HTTP/1.1" 200 -
2025-01-18 15:02:13,388 - INFO: 127.0.0.1 - - [18/Jan/2025 15:02:13] "OPTIONS /ai/chat HTTP/1.1" 200 -
2025-01-18 15:02:13,637 - INFO: 127.0.0.1 - - [18/Jan/2025 15:02:13] "POST /ai/chat HTTP/1.1" 200 -
2025-01-18 15:02:53,729 - INFO: 127.0.0.1 - - [18/Jan/2025 15:02:53] "OPTIONS /ai/chat HTTP/1.1" 200 -
2025-01-18 15:02:53,982 - ERROR: Chat error: type object 'MatchingEngine' has no attribute 'skill_extractor'
2025-01-18 15:02:53,982 - INFO: 127.0.0.1 - - [18/Jan/2025 15:02:53] "[35m[1mPOST /ai/chat HTTP/1.1[0m" 500 -
2025-01-18 17:03:18,479 - INFO:  * Detected change in 'C:\\Users\\coolbuoy\\Desktop\\SjmIntegral\\upwork_clonee\\python\\ai.py', reloading
2025-01-18 17:03:26,259 - INFO:  * Restarting with stat
2025-01-18 17:16:31,700 - ERROR: Error loading users: API Error: 401
2025-01-18 17:16:31,700 - ERROR: Error initializing model: API Error: 401
Traceback (most recent call last):
  File "C:\Users\coolbuoy\Desktop\SjmIntegral\upwork_clonee\python\ai.py", line 42, in initialize_model
    await model.load_users()
  File "C:\Users\coolbuoy\Desktop\SjmIntegral\upwork_clonee\python\upworkModel.py", line 81, in load_users
    raise Exception(f"API Error: {response.status}")
Exception: API Error: 401
2025-01-18 17:17:55,988 - ERROR: Error loading users: API Error: 401
2025-01-18 17:17:55,988 - ERROR: Error initializing model: API Error: 401
Traceback (most recent call last):
  File "C:\Users\coolbuoy\Desktop\SjmIntegral\upwork_clonee\python\ai.py", line 42, in initialize_model
    await model.load_users()
  File "C:\Users\coolbuoy\Desktop\SjmIntegral\upwork_clonee\python\upworkModel.py", line 81, in load_users
    raise Exception(f"API Error: {response.status}")
Exception: API Error: 401
2025-01-18 17:49:09,718 - ERROR: Error loading users: Cannot connect to host localhost:5000 ssl:default [The remote computer refused the network connection]
2025-01-18 17:49:09,718 - ERROR: Error initializing model: Cannot connect to host localhost:5000 ssl:default [The remote computer refused the network connection]
Traceback (most recent call last):
  File "C:\Users\coolbuoy\AppData\Local\Programs\Python\Python310\lib\site-packages\aiohttp\connector.py", line 992, in _wrap_create_connection
    return await self._loop.create_connection(*args, **kwargs)
  File "C:\Users\coolbuoy\AppData\Local\Programs\Python\Python310\lib\asyncio\base_events.py", line 1055, in create_connection
    raise exceptions[0]
  File "C:\Users\coolbuoy\AppData\Local\Programs\Python\Python310\lib\asyncio\base_events.py", line 1040, in create_connection
    sock = await self._connect_sock(
  File "C:\Users\coolbuoy\AppData\Local\Programs\Python\Python310\lib\asyncio\base_events.py", line 954, in _connect_sock
    await self.sock_connect(sock, address)
  File "C:\Users\coolbuoy\AppData\Local\Programs\Python\Python310\lib\asyncio\proactor_events.py", line 704, in sock_connect
    return await self._proactor.connect(sock, address)
  File "C:\Users\coolbuoy\AppData\Local\Programs\Python\Python310\lib\asyncio\windows_events.py", line 812, in _poll
    value = callback(transferred, key, ov)
  File "C:\Users\coolbuoy\AppData\Local\Programs\Python\Python310\lib\asyncio\windows_events.py", line 599, in finish_connect
    ov.getresult()
ConnectionRefusedError: [WinError 1225] The remote computer refused the network connection

The above exception was the direct cause of the following exception:

Traceback (most recent call last):
  File "C:\Users\coolbuoy\Desktop\SjmIntegral\upwork_clonee\python\ai.py", line 42, in initialize_model
    await model.load_users()
  File "C:\Users\coolbuoy\Desktop\SjmIntegral\upwork_clonee\python\upworkModel.py", line 75, in load_users
    async with session.get(f'{self.api_url}/api/users', headers=headers) as response:
  File "C:\Users\coolbuoy\AppData\Local\Programs\Python\Python310\lib\site-packages\aiohttp\client.py", line 1187, in __aenter__
    self._resp = await self._coro
  File "C:\Users\coolbuoy\AppData\Local\Programs\Python\Python310\lib\site-packages\aiohttp\client.py", line 574, in _request
    conn = await self._connector.connect(
  File "C:\Users\coolbuoy\AppData\Local\Programs\Python\Python310\lib\site-packages\aiohttp\connector.py", line 544, in connect
    proto = await self._create_connection(req, traces, timeout)
  File "C:\Users\coolbuoy\AppData\Local\Programs\Python\Python310\lib\site-packages\aiohttp\connector.py", line 911, in _create_connection
    _, proto = await self._create_direct_connection(req, traces, timeout)
  File "C:\Users\coolbuoy\AppData\Local\Programs\Python\Python310\lib\site-packages\aiohttp\connector.py", line 1235, in _create_direct_connection
    raise last_exc
  File "C:\Users\coolbuoy\AppData\Local\Programs\Python\Python310\lib\site-packages\aiohttp\connector.py", line 1204, in _create_direct_connection
    transp, proto = await self._wrap_create_connection(
  File "C:\Users\coolbuoy\AppData\Local\Programs\Python\Python310\lib\site-packages\aiohttp\connector.py", line 1000, in _wrap_create_connection
    raise client_error(req.connection_key, exc) from exc
aiohttp.client_exceptions.ClientConnectorError: Cannot connect to host localhost:5000 ssl:default [The remote computer refused the network connection]
2025-01-18 17:49:09,775 - ERROR: Startup error: Cannot connect to host localhost:5000 ssl:default [The remote computer refused the network connection]
2025-01-18 17:50:20,853 - ERROR: Error loading users: API Error: 401
2025-01-18 17:50:20,856 - ERROR: Error initializing model: API Error: 401
Traceback (most recent call last):
  File "C:\Users\coolbuoy\Desktop\SjmIntegral\upwork_clonee\python\ai.py", line 42, in initialize_model
    await model.load_users()
  File "C:\Users\coolbuoy\Desktop\SjmIntegral\upwork_clonee\python\upworkModel.py", line 99, in load_users
    raise Exception(f"API Error: {response.status}")
Exception: API Error: 401
2025-01-18 17:50:20,856 - ERROR: Startup error: API Error: 401
2025-01-18 17:56:21,815 - ERROR: Error loading users: Authentication failed. Please check your API key.
2025-01-18 17:56:21,816 - ERROR: Error initializing model: Authentication failed. Please check your API key.
Traceback (most recent call last):
  File "C:\Users\coolbuoy\Desktop\SjmIntegral\upwork_clonee\python\ai.py", line 45, in initialize_model
    await model.load_users()
  File "C:\Users\coolbuoy\Desktop\SjmIntegral\upwork_clonee\python\upworkModel.py", line 94, in load_users
    raise Exception("Authentication failed. Please check your API key.")
Exception: Authentication failed. Please check your API key.
2025-01-18 17:56:21,816 - ERROR: Startup error: Authentication failed. Please check your API key.
2025-01-18 17:58:36,902 - ERROR: Error loading users: Authentication failed. Please check your API key.
2025-01-18 17:58:36,918 - ERROR: Error initializing model: Authentication failed. Please check your API key.
Traceback (most recent call last):
  File "C:\Users\coolbuoy\Desktop\SjmIntegral\upwork_clonee\python\ai.py", line 45, in initialize_model
    await model.load_users()
  File "C:\Users\coolbuoy\Desktop\SjmIntegral\upwork_clonee\python\upworkModel.py", line 94, in load_users
    raise Exception("Authentication failed. Please check your API key.")
Exception: Authentication failed. Please check your API key.
2025-01-18 17:58:36,951 - ERROR: Startup error: Authentication failed. Please check your API key.
2025-01-18 18:07:12,438 - ERROR: Error loading users: Authentication failed. Please check your API key.
2025-01-18 18:07:12,438 - ERROR: Error initializing model: Authentication failed. Please check your API key.
Traceback (most recent call last):
  File "C:\Users\coolbuoy\Desktop\SjmIntegral\upwork_clonee\python\ai.py", line 45, in initialize_model
    await model.load_users()
  File "C:\Users\coolbuoy\Desktop\SjmIntegral\upwork_clonee\python\upworkModel.py", line 95, in load_users
    raise Exception("Authentication failed. Please check your API key.")
Exception: Authentication failed. Please check your API key.
2025-01-18 18:07:12,438 - ERROR: Startup error: Authentication failed. Please check your API key.
2025-01-18 18:11:35,837 - ERROR: Error loading users: Authentication failed. Please check your API key.
2025-01-18 18:11:35,838 - ERROR: Error initializing model: Authentication failed. Please check your API key.
Traceback (most recent call last):
  File "C:\Users\coolbuoy\Desktop\SjmIntegral\upwork_clonee\python\ai.py", line 45, in initialize_model
    await model.load_users()
  File "C:\Users\coolbuoy\Desktop\SjmIntegral\upwork_clonee\python\upworkModel.py", line 95, in load_users
    raise Exception("Authentication failed. Please check your API key.")
Exception: Authentication failed. Please check your API key.
2025-01-18 18:11:35,843 - ERROR: Startup error: Authentication failed. Please check your API key.
2025-01-18 18:38:41,586 - ERROR: Error loading users: API Connection Error: Cannot connect to host localhost:5000 ssl:default [The remote computer refused the network connection]
2025-01-18 18:38:41,590 - ERROR: Error initializing model: API Connection Error: Cannot connect to host localhost:5000 ssl:default [The remote computer refused the network connection]
Traceback (most recent call last):
  File "C:\Users\coolbuoy\AppData\Local\Programs\Python\Python310\lib\site-packages\aiohttp\connector.py", line 992, in _wrap_create_connection
    return await self._loop.create_connection(*args, **kwargs)
  File "C:\Users\coolbuoy\AppData\Local\Programs\Python\Python310\lib\asyncio\base_events.py", line 1055, in create_connection
    raise exceptions[0]
  File "C:\Users\coolbuoy\AppData\Local\Programs\Python\Python310\lib\asyncio\base_events.py", line 1040, in create_connection
    sock = await self._connect_sock(
  File "C:\Users\coolbuoy\AppData\Local\Programs\Python\Python310\lib\asyncio\base_events.py", line 954, in _connect_sock
    await self.sock_connect(sock, address)
  File "C:\Users\coolbuoy\AppData\Local\Programs\Python\Python310\lib\asyncio\proactor_events.py", line 704, in sock_connect
    return await self._proactor.connect(sock, address)
  File "C:\Users\coolbuoy\AppData\Local\Programs\Python\Python310\lib\asyncio\windows_events.py", line 812, in _poll
    value = callback(transferred, key, ov)
  File "C:\Users\coolbuoy\AppData\Local\Programs\Python\Python310\lib\asyncio\windows_events.py", line 599, in finish_connect
    ov.getresult()
ConnectionRefusedError: [WinError 1225] The remote computer refused the network connection

The above exception was the direct cause of the following exception:

Traceback (most recent call last):
  File "C:\Users\coolbuoy\Desktop\SjmIntegral\upwork_clonee\python\upworkModel.py", line 85, in load_users
    async with session.get(
  File "C:\Users\coolbuoy\AppData\Local\Programs\Python\Python310\lib\site-packages\aiohttp\client.py", line 1187, in __aenter__
    self._resp = await self._coro
  File "C:\Users\coolbuoy\AppData\Local\Programs\Python\Python310\lib\site-packages\aiohttp\client.py", line 574, in _request
    conn = await self._connector.connect(
  File "C:\Users\coolbuoy\AppData\Local\Programs\Python\Python310\lib\site-packages\aiohttp\connector.py", line 544, in connect
    proto = await self._create_connection(req, traces, timeout)
  File "C:\Users\coolbuoy\AppData\Local\Programs\Python\Python310\lib\site-packages\aiohttp\connector.py", line 911, in _create_connection
    _, proto = await self._create_direct_connection(req, traces, timeout)
  File "C:\Users\coolbuoy\AppData\Local\Programs\Python\Python310\lib\site-packages\aiohttp\connector.py", line 1235, in _create_direct_connection
    raise last_exc
  File "C:\Users\coolbuoy\AppData\Local\Programs\Python\Python310\lib\site-packages\aiohttp\connector.py", line 1204, in _create_direct_connection
    transp, proto = await self._wrap_create_connection(
  File "C:\Users\coolbuoy\AppData\Local\Programs\Python\Python310\lib\site-packages\aiohttp\connector.py", line 1000, in _wrap_create_connection
    raise client_error(req.connection_key, exc) from exc
aiohttp.client_exceptions.ClientConnectorError: Cannot connect to host localhost:5000 ssl:default [The remote computer refused the network connection]

During handling of the above exception, another exception occurred:

Traceback (most recent call last):
  File "C:\Users\coolbuoy\Desktop\SjmIntegral\upwork_clonee\python\ai.py", line 45, in initialize_model
    await model.load_users()
  File "C:\Users\coolbuoy\Desktop\SjmIntegral\upwork_clonee\python\upworkModel.py", line 128, in load_users
    raise Exception(f"API Connection Error: {str(e)}")
Exception: API Connection Error: Cannot connect to host localhost:5000 ssl:default [The remote computer refused the network connection]
2025-01-18 18:38:41,720 - ERROR: Startup error: API Connection Error: Cannot connect to host localhost:5000 ssl:default [The remote computer refused the network connection]
2025-01-18 18:43:09,434 - ERROR: Error loading users: Authentication failed. Please check your API key.
2025-01-18 18:43:09,449 - ERROR: Error initializing model: Authentication failed. Please check your API key.
Traceback (most recent call last):
  File "C:\Users\coolbuoy\Desktop\SjmIntegral\upwork_clonee\python\ai.py", line 45, in initialize_model
    await model.load_users()
  File "C:\Users\coolbuoy\Desktop\SjmIntegral\upwork_clonee\python\upworkModel.py", line 95, in load_users
    raise Exception("Authentication failed. Please check your API key.")
Exception: Authentication failed. Please check your API key.
2025-01-18 18:43:09,467 - ERROR: Startup error: Authentication failed. Please check your API key.
2025-01-18 18:44:50,995 - ERROR: Error initializing model: users must be loaded before initializing matching engine
Traceback (most recent call last):
  File "C:\Users\coolbuoy\Desktop\SjmIntegral\upwork_clonee\python\ai.py", line 45, in initialize_model
    model.initialize_matching_engine()  # Remove await as this is not async
  File "C:\Users\coolbuoy\Desktop\SjmIntegral\upwork_clonee\python\upworkModel.py", line 287, in initialize_matching_engine
    raise Exception("users must be loaded before initializing matching engine")
Exception: users must be loaded before initializing matching engine
2025-01-18 18:44:51,011 - ERROR: Startup error: users must be loaded before initializing matching engine
2025-01-18 18:52:10,131 - ERROR: Error loading users: Authentication failed. Please check your API key.
2025-01-18 18:52:10,131 - ERROR: Error initializing model: Authentication failed. Please check your API key.
Traceback (most recent call last):
  File "C:\Users\coolbuoy\Desktop\SjmIntegral\upwork_clonee\python\ai.py", line 45, in initialize_model
    await model.load_users()
  File "C:\Users\coolbuoy\Desktop\SjmIntegral\upwork_clonee\python\upworkModel.py", line 95, in load_users
    raise Exception("Authentication failed. Please check your API key.")
Exception: Authentication failed. Please check your API key.
2025-01-18 18:52:10,147 - ERROR: Startup error: Authentication failed. Please check your API key.
2025-01-18 19:12:48,694 - WARNING: Authentication failed with status 401
2025-01-18 19:12:48,694 - INFO: Using mock data in debug mode
2025-01-18 19:12:48,694 - ERROR: Error loading users: Freelancer() takes no arguments
2025-01-18 19:12:48,694 - ERROR: Error initializing model: Freelancer() takes no arguments
Traceback (most recent call last):
  File "C:\Users\coolbuoy\Desktop\SjmIntegral\upwork_clonee\python\upworkModel.py", line 100, in load_users
    self.users = self._get_mock_users()
  File "C:\Users\coolbuoy\Desktop\SjmIntegral\upwork_clonee\python\upworkModel.py", line 156, in _get_mock_users
    Freelancer(
TypeError: Freelancer() takes no arguments

During handling of the above exception, another exception occurred:

Traceback (most recent call last):
  File "C:\Users\coolbuoy\Desktop\SjmIntegral\upwork_clonee\python\ai.py", line 45, in initialize_model
    await model.load_users()
  File "C:\Users\coolbuoy\Desktop\SjmIntegral\upwork_clonee\python\upworkModel.py", line 149, in load_users
    self.users = self._get_mock_users()
  File "C:\Users\coolbuoy\Desktop\SjmIntegral\upwork_clonee\python\upworkModel.py", line 156, in _get_mock_users
    Freelancer(
TypeError: Freelancer() takes no arguments
2025-01-18 19:12:48,710 - ERROR: Startup error: Freelancer() takes no arguments
2025-01-18 19:16:05,794 - ERROR: Error initializing matching engine: 'UpworkIntegrationModel' object has no attribute '_get_mock_users'
2025-01-18 19:16:05,794 - ERROR: Error initializing model: 'UpworkIntegrationModel' object has no attribute '_get_mock_users'
Traceback (most recent call last):
  File "C:\Users\coolbuoy\Desktop\SjmIntegral\upwork_clonee\python\ai.py", line 47, in initialize_model
    model.initialize_matching_engine()  # Remove await as this is not async
  File "C:\Users\coolbuoy\Desktop\SjmIntegral\upwork_clonee\python\upworkModel.py", line 315, in initialize_matching_engine
    self.users = self._get_mock_users()
AttributeError: 'UpworkIntegrationModel' object has no attribute '_get_mock_users'
2025-01-18 19:16:05,824 - ERROR: Startup error: 'UpworkIntegrationModel' object has no attribute '_get_mock_users'
2025-01-18 19:29:10,225 - WARNING: Authentication failed with status 401
2025-01-18 19:29:10,225 - INFO: Using mock data in debug mode
2025-01-18 19:29:10,225 - ERROR: Error loading users: Freelancer() takes no arguments
2025-01-18 19:29:10,225 - ERROR: Error initializing model: Freelancer() takes no arguments
Traceback (most recent call last):
  File "C:\Users\coolbuoy\Desktop\SjmIntegral\upwork_clonee\python\upworkModel.py", line 99, in load_users
    self.users = self._get_mock_users()
  File "C:\Users\coolbuoy\Desktop\SjmIntegral\upwork_clonee\python\upworkModel.py", line 155, in _get_mock_users
    Freelancer(
TypeError: Freelancer() takes no arguments

During handling of the above exception, another exception occurred:

Traceback (most recent call last):
  File "C:\Users\coolbuoy\Desktop\SjmIntegral\upwork_clonee\python\ai.py", line 45, in initialize_model
    await model.load_users()
  File "C:\Users\coolbuoy\Desktop\SjmIntegral\upwork_clonee\python\upworkModel.py", line 148, in load_users
    self.users = self._get_mock_users()
  File "C:\Users\coolbuoy\Desktop\SjmIntegral\upwork_clonee\python\upworkModel.py", line 155, in _get_mock_users
    Freelancer(
TypeError: Freelancer() takes no arguments
2025-01-18 19:29:10,241 - ERROR: Startup error: Freelancer() takes no arguments
2025-01-18 19:35:49,689 - WARNING: Authentication failed with status 401
2025-01-18 19:35:49,689 - INFO: Using mock data in debug mode
2025-01-18 19:35:49,705 - ERROR: Error initializing model: UpworkIntegrationModel.initialize_matching_engine() missing 1 required positional argument: 'users'
Traceback (most recent call last):
  File "C:\Users\coolbuoy\Desktop\SjmIntegral\upwork_clonee\python\ai.py", line 47, in initialize_model
    model.initialize_matching_engine()  # Remove await as this is not async
TypeError: UpworkIntegrationModel.initialize_matching_engine() missing 1 required positional argument: 'users'
2025-01-18 19:35:49,713 - ERROR: Startup error: UpworkIntegrationModel.initialize_matching_engine() missing 1 required positional argument: 'users'
2025-01-18 19:46:48,326 - INFO: Model initialization completed successfully
2025-01-18 19:46:48,421 - INFO: [31m[1mWARNING: This is a development server. Do not use it in a production deployment. Use a production WSGI server instead.[0m
 * Running on all addresses (0.0.0.0)
 * Running on http://127.0.0.1:8000
 * Running on http://192.168.124.233:8000
2025-01-18 19:46:48,423 - INFO: [33mPress CTRL+C to quit[0m
2025-01-18 19:46:48,432 - INFO:  * Restarting with stat
2025-01-18 19:47:04,710 - INFO: Model initialization completed successfully
2025-01-18 19:47:04,734 - WARNING:  * Debugger is active!
2025-01-18 19:47:04,750 - INFO:  * Debugger PIN: 673-983-490
2025-01-18 19:47:18,825 - INFO: 127.0.0.1 - - [18/Jan/2025 19:47:18] "OPTIONS /ai/chat HTTP/1.1" 200 -
2025-01-18 19:47:19,082 - ERROR: Unhandled error: Install Flask with the 'async' extra in order to use async views.
Traceback (most recent call last):
  File "C:\Users\coolbuoy\AppData\Local\Programs\Python\Python310\lib\site-packages\flask\app.py", line 867, in full_dispatch_request
    rv = self.dispatch_request()
  File "C:\Users\coolbuoy\AppData\Local\Programs\Python\Python310\lib\site-packages\flask\app.py", line 852, in dispatch_request
    return self.ensure_sync(self.view_functions[rule.endpoint])(**view_args)
  File "C:\Users\coolbuoy\AppData\Local\Programs\Python\Python310\lib\site-packages\flask\app.py", line 926, in ensure_sync
    return self.async_to_sync(func)
  File "C:\Users\coolbuoy\AppData\Local\Programs\Python\Python310\lib\site-packages\flask\app.py", line 947, in async_to_sync
    raise RuntimeError(
RuntimeError: Install Flask with the 'async' extra in order to use async views.
2025-01-18 19:47:19,090 - INFO: 127.0.0.1 - - [18/Jan/2025 19:47:19] "[35m[1mPOST /ai/chat HTTP/1.1[0m" 500 -
2025-01-18 19:57:36,577 - INFO:  * Detected change in 'C:\\Users\\coolbuoy\\Desktop\\SjmIntegral\\upwork_clonee\\python\\ai.py', reloading
2025-01-18 19:57:42,116 - INFO:  * Restarting with stat
2025-01-18 20:36:51,194 - ERROR: Error loading users: No freelancer data received
2025-01-18 20:36:51,228 - ERROR: Error initializing model: No freelancer data received
Traceback (most recent call last):
  File "C:\Users\coolbuoy\Desktop\SjmIntegral\upwork_clonee\python\ai.py", line 44, in initialize_model
    await model.initialize_matching_engine()
  File "C:\Users\coolbuoy\Desktop\SjmIntegral\upwork_clonee\python\upworkModel.py", line 126, in initialize_matching_engine
    self.users = await self.load_users()
  File "C:\Users\coolbuoy\Desktop\SjmIntegral\upwork_clonee\python\upworkModel.py", line 82, in load_users
    raise Exception("No freelancer data received")
Exception: No freelancer data received
2025-01-18 20:36:51,256 - ERROR: Startup error: No freelancer data received
2025-01-18 20:37:25,674 - ERROR: Error loading users: No freelancer data received
2025-01-18 20:37:25,684 - ERROR: Error initializing model: No freelancer data received
Traceback (most recent call last):
  File "C:\Users\coolbuoy\Desktop\SjmIntegral\upwork_clonee\python\ai.py", line 44, in initialize_model
    await model.initialize_matching_engine()
  File "C:\Users\coolbuoy\Desktop\SjmIntegral\upwork_clonee\python\upworkModel.py", line 126, in initialize_matching_engine
    self.users = await self.load_users()
  File "C:\Users\coolbuoy\Desktop\SjmIntegral\upwork_clonee\python\upworkModel.py", line 82, in load_users
    raise Exception("No freelancer data received")
Exception: No freelancer data received
2025-01-18 20:37:25,701 - ERROR: Startup error: No freelancer data received
2025-01-18 20:59:43,363 - ERROR: Error loading users: 'Freelancer' object is not subscriptable
2025-01-18 20:59:43,377 - WARNING: Using mock data in debug mode
2025-01-18 20:59:43,377 - ERROR: Error initializing model: 'Freelancer' object has no attribute 'profile_text'
Traceback (most recent call last):
  File "C:\Users\coolbuoy\Desktop\SjmIntegral\upwork_clonee\python\ai.py", line 47, in initialize_model
    model.initialize_matching_engine()  # Remove await as this is not async
  File "C:\Users\coolbuoy\Desktop\SjmIntegral\upwork_clonee\python\upworkModel.py", line 291, in initialize_matching_engine
    self.matching_engine = MatchingEngine(
  File "C:\Users\coolbuoy\Desktop\SjmIntegral\upwork_clonee\python\sjm.py", line 325, in __init__
    [freelancer.profile_text() for freelancer in users]
  File "C:\Users\coolbuoy\Desktop\SjmIntegral\upwork_clonee\python\sjm.py", line 325, in <listcomp>
    [freelancer.profile_text() for freelancer in users]
AttributeError: 'Freelancer' object has no attribute 'profile_text'
2025-01-18 20:59:43,385 - ERROR: Startup error: 'Freelancer' object has no attribute 'profile_text'
2025-01-18 21:28:56,923 - ERROR: Error loading users: 'Freelancer' object is not subscriptable
2025-01-18 21:28:56,924 - WARNING: Using mock data in debug mode
2025-01-18 21:28:56,925 - ERROR: Error initializing model: 'Freelancer' object has no attribute 'profile_text'
Traceback (most recent call last):
  File "C:\Users\coolbuoy\Desktop\SjmIntegral\upwork_clonee\python\ai.py", line 47, in initialize_model
    model.initialize_matching_engine()  # Remove await as this is not async
  File "C:\Users\coolbuoy\Desktop\SjmIntegral\upwork_clonee\python\upworkModel.py", line 291, in initialize_matching_engine
    self.matching_engine = MatchingEngine(
  File "C:\Users\coolbuoy\Desktop\SjmIntegral\upwork_clonee\python\sjm.py", line 324, in __init__
    [freelancer.profile_text() for freelancer in users]
  File "C:\Users\coolbuoy\Desktop\SjmIntegral\upwork_clonee\python\sjm.py", line 324, in <listcomp>
    [freelancer.profile_text() for freelancer in users]
AttributeError: 'Freelancer' object has no attribute 'profile_text'
2025-01-18 21:28:56,940 - ERROR: Startup error: 'Freelancer' object has no attribute 'profile_text'
2025-01-18 21:29:49,027 - ERROR: Error loading users: 'Freelancer' object is not subscriptable
2025-01-18 21:29:49,029 - WARNING: Using mock data in debug mode
2025-01-18 21:29:49,030 - ERROR: Error initializing model: 'Freelancer' object has no attribute 'profile_text'
Traceback (most recent call last):
  File "C:\Users\coolbuoy\Desktop\SjmIntegral\upwork_clonee\python\ai.py", line 47, in initialize_model
    model.initialize_matching_engine()  # Remove await as this is not async
  File "C:\Users\coolbuoy\Desktop\SjmIntegral\upwork_clonee\python\upworkModel.py", line 291, in initialize_matching_engine
    self.matching_engine = MatchingEngine(
  File "C:\Users\coolbuoy\Desktop\SjmIntegral\upwork_clonee\python\sjm.py", line 324, in __init__
    [freelancer.profile_text() for freelancer in users]
  File "C:\Users\coolbuoy\Desktop\SjmIntegral\upwork_clonee\python\sjm.py", line 324, in <listcomp>
    [freelancer.profile_text() for freelancer in users]
AttributeError: 'Freelancer' object has no attribute 'profile_text'
2025-01-18 21:29:49,041 - ERROR: Startup error: 'Freelancer' object has no attribute 'profile_text'
2025-01-18 22:22:08,262 - INFO: Fetching users from http://localhost:5000/api/users
2025-01-18 22:22:08,622 - WARNING: API returned empty data
2025-01-18 22:22:08,622 - INFO: Using mock freelancer data
2025-01-18 22:22:08,622 - INFO: Model initialization completed successfully
2025-01-18 22:22:08,691 - INFO: [31m[1mWARNING: This is a development server. Do not use it in a production deployment. Use a production WSGI server instead.[0m
 * Running on all addresses (0.0.0.0)
 * Running on http://127.0.0.1:8000
 * Running on http://192.168.124.233:8000
2025-01-18 22:22:08,707 - INFO: [33mPress CTRL+C to quit[0m
2025-01-18 22:22:08,712 - INFO:  * Restarting with stat
2025-01-18 22:22:41,872 - INFO: Fetching users from http://localhost:5000/api/users
2025-01-18 22:22:41,904 - WARNING: API returned empty data
2025-01-18 22:22:41,904 - INFO: Using mock freelancer data
2025-01-18 22:22:41,917 - INFO: Model initialization completed successfully
2025-01-18 22:22:41,935 - WARNING:  * Debugger is active!
2025-01-18 22:22:41,951 - INFO:  * Debugger PIN: 673-983-490
2025-01-18 22:23:07,029 - INFO: 127.0.0.1 - - [18/Jan/2025 22:23:07] "OPTIONS /ai/chat HTTP/1.1" 200 -
2025-01-18 22:23:07,256 - INFO: 127.0.0.1 - - [18/Jan/2025 22:23:07] "POST /ai/chat HTTP/1.1" 200 -
2025-01-18 22:23:47,258 - INFO: 127.0.0.1 - - [18/Jan/2025 22:23:47] "OPTIONS /ai/chat HTTP/1.1" 200 -
2025-01-18 22:23:47,600 - ERROR: Error finding matches: 'NoneType' object has no attribute 'match_users'
2025-01-18 22:23:47,600 - ERROR: Chat error: 'NoneType' object has no attribute 'match_users'
Traceback (most recent call last):
  File "C:\Users\coolbuoy\Desktop\SjmIntegral\upwork_clonee\python\ai.py", line 204, in chat
    matches = model.find_top_matches(project)
  File "C:\Users\coolbuoy\Desktop\SjmIntegral\upwork_clonee\python\upworkModel.py", line 291, in find_top_matches
    all_matches = self.matching_engine.match_users(project, weights=self.custom_weights)
AttributeError: 'NoneType' object has no attribute 'match_users'
2025-01-18 22:23:47,615 - INFO: 127.0.0.1 - - [18/Jan/2025 22:23:47] "[35m[1mPOST /ai/chat HTTP/1.1[0m" 500 -
2025-01-18 22:28:35,201 - INFO:  * Detected change in 'C:\\Users\\coolbuoy\\Desktop\\SjmIntegral\\upwork_clonee\\python\\upworkModel.py', reloading
2025-01-18 22:28:37,616 - INFO:  * Restarting with stat
2025-01-18 22:29:25,669 - INFO: Fetching users from http://localhost:5000/api/users
2025-01-18 22:29:25,705 - WARNING: API returned empty data
2025-01-18 22:29:25,705 - INFO: Using mock freelancer data
2025-01-18 22:29:25,713 - INFO: Model initialization completed successfully
2025-01-18 22:29:25,745 - WARNING:  * Debugger is active!
2025-01-18 22:29:25,776 - INFO:  * Debugger PIN: 673-983-490
2025-01-18 22:29:50,797 - INFO: 127.0.0.1 - - [18/Jan/2025 22:29:50] "OPTIONS /ai/chat HTTP/1.1" 200 -
2025-01-18 22:29:51,123 - ERROR: Chat error: 'coroutine' object is not iterable
Traceback (most recent call last):
  File "C:\Users\coolbuoy\Desktop\SjmIntegral\upwork_clonee\python\ai.py", line 210, in chat
    'users': [{
TypeError: 'coroutine' object is not iterable
2025-01-18 22:29:51,123 - INFO: 127.0.0.1 - - [18/Jan/2025 22:29:51] "[35m[1mPOST /ai/chat HTTP/1.1[0m" 500 -
2025-01-18 22:40:59,025 - INFO:  * Detected change in 'C:\\Users\\coolbuoy\\Desktop\\SjmIntegral\\upwork_clonee\\python\\ai.py', reloading
2025-01-18 22:41:03,430 - INFO:  * Restarting with stat
2025-01-18 22:56:31,604 - INFO: Fetching users from http://localhost:5000/api/users
2025-01-18 22:56:31,797 - WARNING: API returned empty data
2025-01-18 22:56:31,797 - INFO: Using mock freelancer data
2025-01-18 22:56:31,797 - INFO: Model initialization completed successfully
2025-01-18 22:56:31,867 - INFO: [31m[1mWARNING: This is a development server. Do not use it in a production deployment. Use a production WSGI server instead.[0m
 * Running on all addresses (0.0.0.0)
 * Running on http://127.0.0.1:8000
 * Running on http://192.168.124.233:8000
2025-01-18 22:56:31,883 - INFO: [33mPress CTRL+C to quit[0m
2025-01-18 22:56:31,886 - INFO:  * Restarting with stat
2025-01-18 22:56:50,151 - INFO: Fetching users from http://localhost:5000/api/users
2025-01-18 22:56:50,188 - WARNING: API returned empty data
2025-01-18 22:56:50,189 - INFO: Using mock freelancer data
2025-01-18 22:56:50,194 - INFO: Model initialization completed successfully
2025-01-18 22:56:50,220 - WARNING:  * Debugger is active!
2025-01-18 22:56:50,243 - INFO:  * Debugger PIN: 673-983-490
2025-01-18 22:56:59,865 - INFO: 127.0.0.1 - - [18/Jan/2025 22:56:59] "OPTIONS /ai/chat HTTP/1.1" 200 -
2025-01-18 22:57:00,122 - INFO: 127.0.0.1 - - [18/Jan/2025 22:57:00] "POST /ai/chat HTTP/1.1" 200 -
2025-01-18 22:57:38,662 - INFO: 127.0.0.1 - - [18/Jan/2025 22:57:38] "OPTIONS /ai/chat HTTP/1.1" 200 -
2025-01-18 22:57:38,967 - ERROR: Error finding matches: 'NoneType' object has no attribute 'match_users'
2025-01-18 22:57:38,967 - ERROR: Chat error: 'NoneType' object has no attribute 'match_users'
Traceback (most recent call last):
  File "C:\Users\coolbuoy\Desktop\SjmIntegral\upwork_clonee\python\ai.py", line 219, in chat
    matches = await model.find_top_matches(project)
  File "C:\Users\coolbuoy\Desktop\SjmIntegral\upwork_clonee\python\upworkModel.py", line 290, in find_top_matches
    all_matches = self.matching_engine.match_users(project, weights=self.custom_weights)
AttributeError: 'NoneType' object has no attribute 'match_users'
2025-01-18 22:57:38,967 - INFO: 127.0.0.1 - - [18/Jan/2025 22:57:38] "[35m[1mPOST /ai/chat HTTP/1.1[0m" 500 -
2025-01-18 23:32:28,948 - INFO:  * Detected change in 'C:\\Users\\coolbuoy\\Desktop\\SjmIntegral\\upwork_clonee\\python\\upworkModel.py', reloading
2025-01-18 23:32:33,273 - INFO:  * Restarting with stat
2025-01-18 23:32:42,490 - INFO: Fetching users from http://localhost:5000/api/users
2025-01-18 23:32:42,799 - WARNING: API returned empty data
2025-01-18 23:32:42,799 - INFO: Using mock freelancer data
2025-01-18 23:32:42,805 - INFO: Model initialization completed successfully
2025-01-18 23:32:42,843 - WARNING:  * Debugger is active!
2025-01-18 23:32:42,869 - INFO:  * Debugger PIN: 673-983-490
2025-01-18 23:33:25,787 - INFO:  * Detected change in 'C:\\Users\\coolbuoy\\Desktop\\SjmIntegral\\upwork_clonee\\python\\upworkModel.py', reloading
2025-01-18 23:33:26,729 - INFO:  * Restarting with stat
2025-01-18 23:34:02,431 - INFO: Fetching users from http://localhost:5000/api/users
2025-01-18 23:34:02,470 - WARNING: API returned empty data
2025-01-18 23:34:02,472 - INFO: Using mock freelancer data
2025-01-18 23:34:02,480 - INFO: Model initialization completed successfully
2025-01-18 23:34:02,509 - WARNING:  * Debugger is active!
2025-01-18 23:34:02,519 - INFO:  * Debugger PIN: 673-983-490
2025-01-18 23:34:42,305 - INFO:  * Detected change in 'C:\\Users\\coolbuoy\\Desktop\\SjmIntegral\\upwork_clonee\\python\\ai.py', reloading
2025-01-18 23:34:43,622 - INFO:  * Restarting with stat
2025-01-18 23:34:51,601 - INFO: Fetching users from http://localhost:5000/api/users
2025-01-18 23:34:51,644 - WARNING: API returned empty data
2025-01-18 23:34:51,645 - INFO: Using mock freelancer data
2025-01-18 23:34:51,659 - INFO: Model initialization completed successfully
2025-01-18 23:34:51,686 - WARNING:  * Debugger is active!
2025-01-18 23:34:51,697 - INFO:  * Debugger PIN: 673-983-490
2025-01-18 23:36:00,046 - INFO:  * Detected change in 'C:\\Users\\coolbuoy\\Desktop\\SjmIntegral\\upwork_clonee\\python\\ai.py', reloading
2025-01-18 23:36:00,744 - INFO:  * Restarting with stat
2025-01-18 23:36:08,935 - INFO: Fetching users from http://localhost:5000/api/users
2025-01-18 23:36:08,965 - WARNING: API returned empty data
2025-01-18 23:36:08,966 - INFO: Using mock freelancer data
2025-01-18 23:36:08,967 - ERROR: Error initializing matching engine: 'Freelancer' object has no attribute 'description'
2025-01-18 23:36:08,968 - ERROR: Error initializing model: 'Freelancer' object has no attribute 'description'
Traceback (most recent call last):
  File "C:\Users\coolbuoy\Desktop\SjmIntegral\upwork_clonee\python\ai.py", line 60, in initialize_model
    await model.initialize_matching_engine()
  File "C:\Users\coolbuoy\Desktop\SjmIntegral\upwork_clonee\python\upworkModel.py", line 195, in initialize_matching_engine
    self.matching_engine = MatchingEngine(
  File "C:\Users\coolbuoy\Desktop\SjmIntegral\upwork_clonee\python\sjm.py", line 326, in __init__
    [freelancer.description for freelancer in users]
  File "C:\Users\coolbuoy\Desktop\SjmIntegral\upwork_clonee\python\sjm.py", line 326, in <listcomp>
    [freelancer.description for freelancer in users]
AttributeError: 'Freelancer' object has no attribute 'description'
2025-01-18 23:36:08,974 - ERROR: Startup error: 'Freelancer' object has no attribute 'description'
2025-01-18 23:39:09,333 - INFO: Fetching users from http://localhost:5000/api/users
2025-01-18 23:39:09,601 - WARNING: API returned empty data
2025-01-18 23:39:09,601 - INFO: Using mock freelancer data
2025-01-18 23:39:09,617 - ERROR: Error initializing matching engine: 'Freelancer' object has no attribute 'description'
2025-01-18 23:39:09,627 - ERROR: Error initializing model: 'Freelancer' object has no attribute 'description'
Traceback (most recent call last):
  File "C:\Users\coolbuoy\Desktop\SjmIntegral\upwork_clonee\python\ai.py", line 60, in initialize_model
    await model.initialize_matching_engine()
  File "C:\Users\coolbuoy\Desktop\SjmIntegral\upwork_clonee\python\upworkModel.py", line 195, in initialize_matching_engine
    self.matching_engine = MatchingEngine(
  File "C:\Users\coolbuoy\Desktop\SjmIntegral\upwork_clonee\python\sjm.py", line 326, in __init__
    [freelancer.description for freelancer in users]
  File "C:\Users\coolbuoy\Desktop\SjmIntegral\upwork_clonee\python\sjm.py", line 326, in <listcomp>
    [freelancer.description for freelancer in users]
AttributeError: 'Freelancer' object has no attribute 'description'
2025-01-18 23:39:09,634 - ERROR: Startup error: 'Freelancer' object has no attribute 'description'
2025-01-18 23:41:18,343 - INFO: Fetching users from http://localhost:5000/api/users
2025-01-18 23:41:21,873 - WARNING: API returned empty data
2025-01-18 23:41:21,873 - INFO: Using mock freelancer data
2025-01-18 23:41:21,873 - ERROR: Error initializing matching engine: 'Freelancer' object has no attribute 'description'
2025-01-18 23:41:21,873 - ERROR: Error initializing model: 'Freelancer' object has no attribute 'description'
Traceback (most recent call last):
  File "C:\Users\coolbuoy\Desktop\SjmIntegral\upwork_clonee\python\ai.py", line 60, in initialize_model
    await model.initialize_matching_engine()
  File "C:\Users\coolbuoy\Desktop\SjmIntegral\upwork_clonee\python\upworkModel.py", line 195, in initialize_matching_engine
    self.matching_engine = MatchingEngine(
  File "C:\Users\coolbuoy\Desktop\SjmIntegral\upwork_clonee\python\sjm.py", line 326, in __init__
    [freelancer.description for freelancer in users]
  File "C:\Users\coolbuoy\Desktop\SjmIntegral\upwork_clonee\python\sjm.py", line 326, in <listcomp>
    [freelancer.description for freelancer in users]
AttributeError: 'Freelancer' object has no attribute 'description'
2025-01-18 23:41:22,007 - ERROR: Startup error: 'Freelancer' object has no attribute 'description'
2025-01-18 23:43:23,852 - INFO: Fetching users from http://localhost:5000/api/users
2025-01-18 23:43:23,977 - WARNING: API returned empty data
2025-01-18 23:43:23,977 - INFO: Using mock freelancer data
2025-01-18 23:43:23,992 - ERROR: API request error: Freelancer.__init__() missing 1 required positional argument: 'description'
2025-01-18 23:43:23,992 - INFO: Using mock freelancer data
2025-01-18 23:43:23,992 - ERROR: Error in load_users: Freelancer.__init__() missing 1 required positional argument: 'description'
2025-01-18 23:43:23,992 - INFO: Using mock freelancer data
2025-01-18 23:43:23,992 - ERROR: Error initializing matching engine: Freelancer.__init__() missing 1 required positional argument: 'description'
2025-01-18 23:43:23,992 - ERROR: Error initializing model: Freelancer.__init__() missing 1 required positional argument: 'description'
Traceback (most recent call last):
  File "C:\Users\coolbuoy\Desktop\SjmIntegral\upwork_clonee\python\upworkModel.py", line 105, in load_users
    return self._get_mock_users()
  File "C:\Users\coolbuoy\Desktop\SjmIntegral\upwork_clonee\python\upworkModel.py", line 154, in _get_mock_users
    Freelancer(
TypeError: Freelancer.__init__() missing 1 required positional argument: 'description'

During handling of the above exception, another exception occurred:

Traceback (most recent call last):
  File "C:\Users\coolbuoy\Desktop\SjmIntegral\upwork_clonee\python\upworkModel.py", line 136, in load_users
    return self._get_mock_users()
  File "C:\Users\coolbuoy\Desktop\SjmIntegral\upwork_clonee\python\upworkModel.py", line 154, in _get_mock_users
    Freelancer(
TypeError: Freelancer.__init__() missing 1 required positional argument: 'description'

During handling of the above exception, another exception occurred:

Traceback (most recent call last):
  File "C:\Users\coolbuoy\Desktop\SjmIntegral\upwork_clonee\python\ai.py", line 60, in initialize_model
    await model.initialize_matching_engine()
  File "C:\Users\coolbuoy\Desktop\SjmIntegral\upwork_clonee\python\upworkModel.py", line 188, in initialize_matching_engine
    self.users = await self.load_users()
  File "C:\Users\coolbuoy\Desktop\SjmIntegral\upwork_clonee\python\upworkModel.py", line 140, in load_users
    return self._get_mock_users()
  File "C:\Users\coolbuoy\Desktop\SjmIntegral\upwork_clonee\python\upworkModel.py", line 154, in _get_mock_users
    Freelancer(
TypeError: Freelancer.__init__() missing 1 required positional argument: 'description'
2025-01-18 23:43:24,017 - ERROR: Startup error: Freelancer.__init__() missing 1 required positional argument: 'description'
2025-01-18 23:55:07,623 - INFO: Fetching users from http://localhost:5000/api/users
2025-01-18 23:55:08,199 - WARNING: API returned empty data
2025-01-18 23:55:08,240 - INFO: Using mock freelancer data
2025-01-18 23:55:08,345 - ERROR: API request error: Freelancer.__init__() missing 1 required positional argument: 'description'
2025-01-18 23:55:08,487 - INFO: Using mock freelancer data
2025-01-18 23:55:08,623 - ERROR: Error in load_users: Freelancer.__init__() missing 1 required positional argument: 'description'
2025-01-18 23:55:08,757 - INFO: Using mock freelancer data
2025-01-18 23:55:08,825 - ERROR: Error initializing matching engine: Freelancer.__init__() missing 1 required positional argument: 'description'
2025-01-18 23:55:08,937 - ERROR: Error initializing model: Freelancer.__init__() missing 1 required positional argument: 'description'
Traceback (most recent call last):
  File "C:\Users\coolbuoy\Desktop\SjmIntegral\upwork_clonee\python\upworkModel.py", line 105, in load_users
    return self._get_mock_users()
  File "C:\Users\coolbuoy\Desktop\SjmIntegral\upwork_clonee\python\upworkModel.py", line 154, in _get_mock_users
    Freelancer(
TypeError: Freelancer.__init__() missing 1 required positional argument: 'description'

During handling of the above exception, another exception occurred:

Traceback (most recent call last):
  File "C:\Users\coolbuoy\Desktop\SjmIntegral\upwork_clonee\python\upworkModel.py", line 136, in load_users
    return self._get_mock_users()
  File "C:\Users\coolbuoy\Desktop\SjmIntegral\upwork_clonee\python\upworkModel.py", line 154, in _get_mock_users
    Freelancer(
TypeError: Freelancer.__init__() missing 1 required positional argument: 'description'

During handling of the above exception, another exception occurred:

Traceback (most recent call last):
  File "C:\Users\coolbuoy\Desktop\SjmIntegral\upwork_clonee\python\ai.py", line 60, in initialize_model
    # Initialize the matching engine (which includes loading users)
  File "C:\Users\coolbuoy\Desktop\SjmIntegral\upwork_clonee\python\upworkModel.py", line 188, in initialize_matching_engine
    self.users = await self.load_users()
  File "C:\Users\coolbuoy\Desktop\SjmIntegral\upwork_clonee\python\upworkModel.py", line 140, in load_users
    return self._get_mock_users()
  File "C:\Users\coolbuoy\Desktop\SjmIntegral\upwork_clonee\python\upworkModel.py", line 154, in _get_mock_users
    Freelancer(
TypeError: Freelancer.__init__() missing 1 required positional argument: 'description'
2025-01-18 23:55:09,048 - ERROR: Startup error: Freelancer.__init__() missing 1 required positional argument: 'description'
2025-01-18 23:58:45,392 - INFO: Fetching users from http://localhost:5000/api/users
2025-01-18 23:58:45,744 - WARNING: API returned empty data
2025-01-18 23:58:45,744 - INFO: Using mock freelancer data
2025-01-18 23:58:45,746 - ERROR: Error initializing matching engine: 'Freelancer' object has no attribute 'description'
2025-01-18 23:58:45,747 - ERROR: Error initializing model: 'Freelancer' object has no attribute 'description'
Traceback (most recent call last):
  File "C:\Users\coolbuoy\Desktop\SjmIntegral\upwork_clonee\python\ai.py", line 61, in initialize_model
    await model.initialize_matching_engine()
  File "C:\Users\coolbuoy\Desktop\SjmIntegral\upwork_clonee\python\upworkModel.py", line 198, in initialize_matching_engine
    self.matching_engine = MatchingEngine(
  File "C:\Users\coolbuoy\Desktop\SjmIntegral\upwork_clonee\python\sjm.py", line 331, in __init__
    [freelancer.description for freelancer in users]
  File "C:\Users\coolbuoy\Desktop\SjmIntegral\upwork_clonee\python\sjm.py", line 331, in <listcomp>
    [freelancer.description for freelancer in users]
AttributeError: 'Freelancer' object has no attribute 'description'
2025-01-18 23:58:45,754 - ERROR: Startup error: 'Freelancer' object has no attribute 'description'
2025-01-19 00:00:16,955 - INFO: Fetching users from http://localhost:5000/api/users
2025-01-19 00:00:17,089 - WARNING: API returned empty data
2025-01-19 00:00:17,093 - INFO: Using mock freelancer data
2025-01-19 00:00:17,123 - INFO: Matching engine initialized successfully
2025-01-19 00:00:17,124 - INFO: Model initialization completed successfully
2025-01-19 00:00:17,220 - INFO: [31m[1mWARNING: This is a development server. Do not use it in a production deployment. Use a production WSGI server instead.[0m
 * Running on all addresses (0.0.0.0)
 * Running on http://127.0.0.1:8000
 * Running on http://192.168.124.233:8000
2025-01-19 00:00:17,221 - INFO: [33mPress CTRL+C to quit[0m
2025-01-19 00:00:33,155 - INFO: 127.0.0.1 - - [19/Jan/2025 00:00:33] "OPTIONS /ai/chat HTTP/1.1" 200 -
2025-01-19 00:00:33,424 - INFO: 127.0.0.1 - - [19/Jan/2025 00:00:33] "POST /ai/chat HTTP/1.1" 200 -
2025-01-19 00:00:49,476 - INFO: 127.0.0.1 - - [19/Jan/2025 00:00:49] "OPTIONS /ai/chat HTTP/1.1" 200 -
2025-01-19 00:00:49,767 - INFO: Found 0 top matches
2025-01-19 00:00:49,767 - INFO: 127.0.0.1 - - [19/Jan/2025 00:00:49] "POST /ai/chat HTTP/1.1" 200 -
2025-01-19 00:08:27,925 - INFO: 127.0.0.1 - - [19/Jan/2025 00:08:27] "OPTIONS /ai/chat HTTP/1.1" 200 -
2025-01-19 00:08:28,192 - INFO: 127.0.0.1 - - [19/Jan/2025 00:08:28] "POST /ai/chat HTTP/1.1" 200 -
2025-01-19 00:08:48,227 - INFO: 127.0.0.1 - - [19/Jan/2025 00:08:48] "OPTIONS /ai/chat HTTP/1.1" 200 -
2025-01-19 00:08:48,743 - INFO: 127.0.0.1 - - [19/Jan/2025 00:08:48] "POST /ai/chat HTTP/1.1" 200 -
2025-01-19 00:09:17,178 - INFO: 127.0.0.1 - - [19/Jan/2025 00:09:17] "OPTIONS /ai/chat HTTP/1.1" 200 -
2025-01-19 00:09:17,432 - INFO: 127.0.0.1 - - [19/Jan/2025 00:09:17] "POST /ai/chat HTTP/1.1" 200 -
2025-01-19 00:09:36,343 - INFO: 127.0.0.1 - - [19/Jan/2025 00:09:36] "OPTIONS /ai/chat HTTP/1.1" 200 -
2025-01-19 00:09:36,666 - INFO: Found 0 top matches
2025-01-19 00:09:36,666 - INFO: 127.0.0.1 - - [19/Jan/2025 00:09:36] "POST /ai/chat HTTP/1.1" 200 -
2025-01-19 00:10:32,213 - INFO: 127.0.0.1 - - [19/Jan/2025 00:10:32] "OPTIONS /ai/chat HTTP/1.1" 200 -
2025-01-19 00:10:32,485 - WARNING: Weights sum exceeds 1.0, normalizing weights.
2025-01-19 00:10:32,507 - INFO: Found 1 top matches
2025-01-19 00:10:32,508 - ERROR: Chat error: 'Freelancer' object has no attribute 'description'
Traceback (most recent call last):
  File "C:\Users\coolbuoy\Desktop\SjmIntegral\upwork_clonee\python\ai.py", line 225, in chat
    'users': [{
  File "C:\Users\coolbuoy\Desktop\SjmIntegral\upwork_clonee\python\ai.py", line 236, in <listcomp>
    'description': match['freelancer'].description
AttributeError: 'Freelancer' object has no attribute 'description'
2025-01-19 00:10:32,541 - INFO: 127.0.0.1 - - [19/Jan/2025 00:10:32] "[35m[1mPOST /ai/chat HTTP/1.1[0m" 500 -
2025-01-19 00:11:13,683 - INFO: 127.0.0.1 - - [19/Jan/2025 00:11:13] "OPTIONS /ai/chat HTTP/1.1" 200 -
2025-01-19 00:11:14,134 - WARNING: Weights sum exceeds 1.0, normalizing weights.
2025-01-19 00:11:14,191 - INFO: Found 1 top matches
2025-01-19 00:11:14,192 - ERROR: Chat error: 'Freelancer' object has no attribute 'description'
Traceback (most recent call last):
  File "C:\Users\coolbuoy\Desktop\SjmIntegral\upwork_clonee\python\ai.py", line 225, in chat
    'users': [{
  File "C:\Users\coolbuoy\Desktop\SjmIntegral\upwork_clonee\python\ai.py", line 236, in <listcomp>
    'user_description': match['freelancer'].user_description
AttributeError: 'Freelancer' object has no attribute 'description'
2025-01-19 00:11:14,235 - INFO: 127.0.0.1 - - [19/Jan/2025 00:11:14] "[35m[1mPOST /ai/chat HTTP/1.1[0m" 500 -
2025-01-19 00:16:14,007 - INFO: Fetching users from http://localhost:5000/api/users
2025-01-19 00:16:18,910 - WARNING: API returned empty data
2025-01-19 00:16:18,910 - INFO: Using mock freelancer data
2025-01-19 00:16:19,030 - INFO: Matching engine initialized successfully
2025-01-19 00:16:19,030 - INFO: Model initialization completed successfully
2025-01-19 00:16:19,709 - INFO: [31m[1mWARNING: This is a development server. Do not use it in a production deployment. Use a production WSGI server instead.[0m
 * Running on all addresses (0.0.0.0)
 * Running on http://127.0.0.1:8000
 * Running on http://192.168.0.101:8000
2025-01-19 00:16:19,740 - INFO: [33mPress CTRL+C to quit[0m
2025-01-19 00:18:34,250 - INFO: Fetching users from http://localhost:5000/api/users
2025-01-19 00:18:34,497 - INFO: Successfully loaded 0 users
2025-01-19 00:18:34,497 - WARNING: No valid users found in response
2025-01-19 00:18:34,498 - INFO: Using mock freelancer data
2025-01-19 00:18:34,517 - INFO: Matching engine initialized successfully
2025-01-19 00:18:34,517 - INFO: Model initialization completed successfully
2025-01-19 00:18:34,592 - INFO: [31m[1mWARNING: This is a development server. Do not use it in a production deployment. Use a production WSGI server instead.[0m
 * Running on all addresses (0.0.0.0)
 * Running on http://127.0.0.1:8000
 * Running on http://192.168.0.101:8000
2025-01-19 00:18:34,592 - INFO: [33mPress CTRL+C to quit[0m
2025-01-19 00:22:29,654 - INFO: Fetching users from http://localhost:5000/api/users
2025-01-19 00:22:29,742 - INFO: Successfully loaded 0 users
2025-01-19 00:22:29,742 - WARNING: No valid users found in response
2025-01-19 00:22:29,742 - INFO: Using mock freelancer data
2025-01-19 00:22:29,765 - INFO: Matching engine initialized successfully
2025-01-19 00:22:29,766 - INFO: Model initialization completed successfully
2025-01-19 00:22:29,820 - INFO: [31m[1mWARNING: This is a development server. Do not use it in a production deployment. Use a production WSGI server instead.[0m
 * Running on all addresses (0.0.0.0)
 * Running on http://127.0.0.1:8000
 * Running on http://192.168.0.101:8000
2025-01-19 00:22:29,820 - INFO: [33mPress CTRL+C to quit[0m
2025-01-19 00:26:50,413 - INFO: Fetching users from http://localhost:5000/api/users
2025-01-19 00:26:54,537 - ERROR: API connection error: Cannot connect to host localhost:5000 ssl:default [The remote computer refused the network connection]
2025-01-19 00:26:54,537 - INFO: Using mock freelancer data
2025-01-19 00:26:54,693 - INFO: Matching engine initialized successfully
2025-01-19 00:26:54,693 - INFO: Model initialization completed successfully
2025-01-19 00:26:54,947 - INFO: [31m[1mWARNING: This is a development server. Do not use it in a production deployment. Use a production WSGI server instead.[0m
 * Running on all addresses (0.0.0.0)
 * Running on http://127.0.0.1:8000
 * Running on http://192.168.0.101:8000
2025-01-19 00:26:54,947 - INFO: [33mPress CTRL+C to quit[0m
2025-01-19 00:29:15,167 - INFO: Fetching users from http://localhost:5000/api/users
2025-01-19 00:29:15,269 - ERROR: API returned unexpected status 500
2025-01-19 00:29:15,270 - INFO: Using mock freelancer data
2025-01-19 00:29:15,289 - INFO: Matching engine initialized successfully
2025-01-19 00:29:15,289 - INFO: Model initialization completed successfully
2025-01-19 00:29:15,367 - INFO: [31m[1mWARNING: This is a development server. Do not use it in a production deployment. Use a production WSGI server instead.[0m
 * Running on all addresses (0.0.0.0)
 * Running on http://127.0.0.1:8000
 * Running on http://192.168.0.101:8000
2025-01-19 00:29:15,369 - INFO: [33mPress CTRL+C to quit[0m
2025-01-19 00:55:29,726 - INFO: Fetching users from http://localhost:5000/api/users
2025-01-19 00:55:29,893 - ERROR: API returned unexpected status 500
2025-01-19 00:55:29,894 - INFO: Using mock freelancer data
2025-01-19 00:55:29,913 - INFO: Matching engine initialized successfully
2025-01-19 00:55:29,914 - INFO: Model initialization completed successfully
2025-01-19 00:55:29,991 - INFO: [31m[1mWARNING: This is a development server. Do not use it in a production deployment. Use a production WSGI server instead.[0m
 * Running on all addresses (0.0.0.0)
 * Running on http://127.0.0.1:8000
 * Running on http://192.168.0.101:8000
2025-01-19 00:55:29,992 - INFO: [33mPress CTRL+C to quit[0m
2025-01-19 06:25:12,899 - INFO: Fetching users from http://localhost:5000/api/users
2025-01-19 06:25:13,060 - ERROR: API returned unexpected status 500
2025-01-19 06:25:13,060 - INFO: Using mock freelancer data
2025-01-19 06:25:13,061 - ERROR: Error initializing matching engine: 'Freelancer' object has no attribute 'description'
2025-01-19 06:25:13,062 - ERROR: Error initializing model: 'Freelancer' object has no attribute 'description'
Traceback (most recent call last):
  File "C:\Users\coolbuoy\Desktop\SjmIntegral\upwork_clonee\python\ai.py", line 61, in initialize_model
    await model.initialize_matching_engine()
  File "C:\Users\coolbuoy\Desktop\SjmIntegral\upwork_clonee\python\upworkModel.py", line 215, in initialize_matching_engine
    self.matching_engine = MatchingEngine(
  File "C:\Users\coolbuoy\Desktop\SjmIntegral\upwork_clonee\python\sjm.py", line 329, in __init__
    [freelancer.profile_text() for freelancer in users]
  File "C:\Users\coolbuoy\Desktop\SjmIntegral\upwork_clonee\python\sjm.py", line 329, in <listcomp>
    [freelancer.profile_text() for freelancer in users]
  File "C:\Users\coolbuoy\Desktop\SjmIntegral\upwork_clonee\python\sjm.py", line 221, in profile_text
    return f"{self.name} - {self.job_title}. {self.description} Skills: {', '.join(self.skills)}"
AttributeError: 'Freelancer' object has no attribute 'description'
2025-01-19 06:25:13,072 - ERROR: Startup error: 'Freelancer' object has no attribute 'description'
2025-01-19 06:28:03,554 - INFO: Fetching users from http://localhost:5000/api/users
2025-01-19 06:28:03,914 - ERROR: API returned unexpected status 500
2025-01-19 06:28:03,914 - INFO: Using mock freelancer data
2025-01-19 06:28:03,915 - ERROR: Error in load_users: Freelancer.__init__() missing 1 required positional argument: 'desc'
2025-01-19 06:28:03,916 - INFO: Using mock freelancer data
2025-01-19 06:28:03,916 - ERROR: Error initializing matching engine: Freelancer.__init__() missing 1 required positional argument: 'desc'
2025-01-19 06:28:03,917 - ERROR: Error initializing model: Freelancer.__init__() missing 1 required positional argument: 'desc'
Traceback (most recent call last):
  File "C:\Users\coolbuoy\Desktop\SjmIntegral\upwork_clonee\python\upworkModel.py", line 108, in load_users
    return self._get_mock_users()
  File "C:\Users\coolbuoy\Desktop\SjmIntegral\upwork_clonee\python\upworkModel.py", line 174, in _get_mock_users
    Freelancer(
TypeError: Freelancer.__init__() missing 1 required positional argument: 'desc'

During handling of the above exception, another exception occurred:

Traceback (most recent call last):
  File "C:\Users\coolbuoy\Desktop\SjmIntegral\upwork_clonee\python\ai.py", line 61, in initialize_model
    await model.initialize_matching_engine()
  File "C:\Users\coolbuoy\Desktop\SjmIntegral\upwork_clonee\python\upworkModel.py", line 208, in initialize_matching_engine
    self.users = await self.load_users()
  File "C:\Users\coolbuoy\Desktop\SjmIntegral\upwork_clonee\python\upworkModel.py", line 159, in load_users
    return self._get_mock_users()
  File "C:\Users\coolbuoy\Desktop\SjmIntegral\upwork_clonee\python\upworkModel.py", line 174, in _get_mock_users
    Freelancer(
TypeError: Freelancer.__init__() missing 1 required positional argument: 'desc'
2025-01-19 06:28:03,924 - ERROR: Startup error: Freelancer.__init__() missing 1 required positional argument: 'desc'
2025-01-19 06:48:37,652 - INFO: Fetching users from http://localhost:5000/api/users
2025-01-19 06:48:37,758 - INFO: Successfully loaded 2 users
2025-01-19 06:48:37,781 - INFO: Matching engine initialized successfully
2025-01-19 06:48:37,782 - INFO: Model initialization completed successfully
2025-01-19 06:48:37,855 - INFO: [31m[1mWARNING: This is a development server. Do not use it in a production deployment. Use a production WSGI server instead.[0m
 * Running on all addresses (0.0.0.0)
 * Running on http://127.0.0.1:8000
 * Running on http://192.168.0.101:8000
2025-01-19 06:48:37,855 - INFO: [33mPress CTRL+C to quit[0m
2025-01-19 06:49:02,645 - INFO: 127.0.0.1 - - [19/Jan/2025 06:49:02] "OPTIONS /ai/chat HTTP/1.1" 200 -
2025-01-19 06:49:02,899 - INFO: 127.0.0.1 - - [19/Jan/2025 06:49:02] "POST /ai/chat HTTP/1.1" 200 -
2025-01-19 06:56:16,422 - INFO: 127.0.0.1 - - [19/Jan/2025 06:56:16] "OPTIONS /ai/chat HTTP/1.1" 200 -
2025-01-19 06:56:16,772 - INFO: Found 0 top matches
2025-01-19 06:56:16,774 - INFO: 127.0.0.1 - - [19/Jan/2025 06:56:16] "POST /ai/chat HTTP/1.1" 200 -
2025-01-19 06:56:32,502 - INFO: 127.0.0.1 - - [19/Jan/2025 06:56:32] "OPTIONS /ai/chat HTTP/1.1" 200 -
2025-01-19 06:56:32,778 - INFO: Found 0 top matches
2025-01-19 06:56:32,778 - INFO: 127.0.0.1 - - [19/Jan/2025 06:56:32] "POST /ai/chat HTTP/1.1" 200 -
2025-01-19 06:57:41,450 - INFO: 127.0.0.1 - - [19/Jan/2025 06:57:41] "OPTIONS /ai/chat HTTP/1.1" 200 -
2025-01-19 06:57:41,710 - WARNING: Weights sum exceeds 1.0, normalizing weights.
2025-01-19 06:57:41,727 - INFO: Found 1 top matches
2025-01-19 06:57:41,739 - INFO: 127.0.0.1 - - [19/Jan/2025 06:57:41] "POST /ai/chat HTTP/1.1" 200 -
2025-01-19 12:11:23,492 - INFO: 127.0.0.1 - - [19/Jan/2025 12:11:23] "OPTIONS /ai/chat HTTP/1.1" 200 -
2025-01-19 12:11:23,593 - INFO: 127.0.0.1 - - [19/Jan/2025 12:11:23] "POST /ai/chat HTTP/1.1" 200 -
2025-01-19 15:02:22,964 - INFO: Fetching users from http://localhost:5000/api/users
2025-01-19 15:02:23,023 - INFO: Successfully loaded 0 users
2025-01-19 15:02:23,023 - WARNING: No valid users found in response
2025-01-19 15:02:23,024 - INFO: Using mock freelancer data
2025-01-19 15:02:23,043 - INFO: Matching engine initialized successfully
2025-01-19 15:02:23,043 - INFO: Model initialization completed successfully
2025-01-19 15:02:23,104 - INFO: [31m[1mWARNING: This is a development server. Do not use it in a production deployment. Use a production WSGI server instead.[0m
 * Running on all addresses (0.0.0.0)
 * Running on http://127.0.0.1:8000
 * Running on http://192.168.124.233:8000
2025-01-19 15:02:23,105 - INFO: [33mPress CTRL+C to quit[0m
2025-01-19 15:24:02,006 - INFO: 127.0.0.1 - - [19/Jan/2025 15:24:02] "OPTIONS /ai/chat HTTP/1.1" 200 -
2025-01-19 15:24:02,055 - INFO: 127.0.0.1 - - [19/Jan/2025 15:24:02] "POST /ai/chat HTTP/1.1" 200 -
2025-01-19 15:24:24,193 - INFO: 127.0.0.1 - - [19/Jan/2025 15:24:24] "OPTIONS /ai/chat HTTP/1.1" 200 -
2025-01-19 15:24:25,512 - INFO: Found 0 top matches
2025-01-19 15:24:25,514 - INFO: 127.0.0.1 - - [19/Jan/2025 15:24:25] "POST /ai/chat HTTP/1.1" 200 -
2025-01-19 15:34:04,550 - INFO: 127.0.0.1 - - [19/Jan/2025 15:34:04] "OPTIONS /ai/chat HTTP/1.1" 200 -
2025-01-19 15:34:04,644 - INFO: 127.0.0.1 - - [19/Jan/2025 15:34:04] "POST /ai/chat HTTP/1.1" 200 -
2025-01-19 15:34:19,053 - INFO: 127.0.0.1 - - [19/Jan/2025 15:34:19] "OPTIONS /ai/chat HTTP/1.1" 200 -
2025-01-19 15:34:19,687 - INFO: Found 0 top matches
2025-01-19 15:34:19,703 - INFO: 127.0.0.1 - - [19/Jan/2025 15:34:19] "POST /ai/chat HTTP/1.1" 200 -
2025-01-19 15:34:39,833 - INFO: 127.0.0.1 - - [19/Jan/2025 15:34:39] "OPTIONS /ai/chat HTTP/1.1" 200 -
2025-01-19 15:34:40,391 - INFO: Found 0 top matches
2025-01-19 15:34:40,392 - INFO: 127.0.0.1 - - [19/Jan/2025 15:34:40] "POST /ai/chat HTTP/1.1" 200 -
2025-01-19 20:04:43,818 - INFO: 127.0.0.1 - - [19/Jan/2025 20:04:43] "OPTIONS /ai/chat HTTP/1.1" 200 -
2025-01-19 20:04:43,989 - INFO: 127.0.0.1 - - [19/Jan/2025 20:04:43] "POST /ai/chat HTTP/1.1" 200 -
2025-01-19 20:05:04,004 - INFO: 127.0.0.1 - - [19/Jan/2025 20:05:04] "OPTIONS /ai/chat HTTP/1.1" 200 -
2025-01-19 20:05:05,245 - INFO: Found 0 top matches
2025-01-19 20:05:05,253 - INFO: 127.0.0.1 - - [19/Jan/2025 20:05:05] "POST /ai/chat HTTP/1.1" 200 -
2025-01-19 20:05:37,541 - INFO: 127.0.0.1 - - [19/Jan/2025 20:05:37] "OPTIONS /ai/chat HTTP/1.1" 200 -
2025-01-19 20:05:37,815 - INFO: Found 0 top matches
2025-01-19 20:05:37,817 - INFO: 127.0.0.1 - - [19/Jan/2025 20:05:37] "POST /ai/chat HTTP/1.1" 200 -
2025-01-19 20:06:02,975 - INFO: 127.0.0.1 - - [19/Jan/2025 20:06:02] "OPTIONS /ai/chat HTTP/1.1" 200 -
2025-01-19 20:06:03,239 - INFO: 127.0.0.1 - - [19/Jan/2025 20:06:03] "POST /ai/chat HTTP/1.1" 200 -
2025-01-19 20:06:22,028 - INFO: 127.0.0.1 - - [19/Jan/2025 20:06:22] "OPTIONS /ai/chat HTTP/1.1" 200 -
2025-01-19 20:06:22,358 - INFO: 127.0.0.1 - - [19/Jan/2025 20:06:22] "POST /ai/chat HTTP/1.1" 200 -
2025-01-19 20:06:27,067 - INFO: 127.0.0.1 - - [19/Jan/2025 20:06:27] "POST /ai/chat HTTP/1.1" 200 -
2025-01-19 20:29:58,885 - INFO: 127.0.0.1 - - [19/Jan/2025 20:29:58] "OPTIONS /ai/chat HTTP/1.1" 200 -
2025-01-19 20:30:01,623 - INFO: 127.0.0.1 - - [19/Jan/2025 20:30:01] "POST /ai/chat HTTP/1.1" 200 -
2025-01-19 20:30:20,935 - INFO: 127.0.0.1 - - [19/Jan/2025 20:30:20] "OPTIONS /ai/chat HTTP/1.1" 200 -
2025-01-19 20:30:21,751 - INFO: Found 0 top matches
2025-01-19 20:30:21,759 - INFO: 127.0.0.1 - - [19/Jan/2025 20:30:21] "POST /ai/chat HTTP/1.1" 200 -
2025-01-19 20:31:21,683 - INFO: 127.0.0.1 - - [19/Jan/2025 20:31:21] "OPTIONS /ai/chat HTTP/1.1" 200 -
2025-01-19 20:31:21,975 - WARNING: Weights sum exceeds 1.0, normalizing weights.
2025-01-19 20:31:22,029 - INFO: Found 0 top matches
2025-01-19 20:31:22,035 - INFO: 127.0.0.1 - - [19/Jan/2025 20:31:22] "POST /ai/chat HTTP/1.1" 200 -
2025-01-19 20:31:39,957 - INFO: 127.0.0.1 - - [19/Jan/2025 20:31:39] "OPTIONS /ai/chat HTTP/1.1" 200 -
2025-01-19 20:31:40,237 - WARNING: Weights sum exceeds 1.0, normalizing weights.
2025-01-19 20:31:40,302 - INFO: Found 0 top matches
2025-01-19 20:31:40,306 - INFO: 127.0.0.1 - - [19/Jan/2025 20:31:40] "POST /ai/chat HTTP/1.1" 200 -
2025-01-19 20:33:46,450 - INFO: 127.0.0.1 - - [19/Jan/2025 20:33:46] "OPTIONS /ai/chat HTTP/1.1" 200 -
2025-01-19 20:33:46,758 - WARNING: Weights sum exceeds 1.0, normalizing weights.
2025-01-19 20:33:46,781 - INFO: Found 0 top matches
2025-01-19 20:33:46,783 - INFO: 127.0.0.1 - - [19/Jan/2025 20:33:46] "POST /ai/chat HTTP/1.1" 200 -
2025-01-19 20:34:11,470 - INFO: 127.0.0.1 - - [19/Jan/2025 20:34:11] "OPTIONS /ai/chat HTTP/1.1" 200 -
2025-01-19 20:34:11,722 - INFO: 127.0.0.1 - - [19/Jan/2025 20:34:11] "POST /ai/chat HTTP/1.1" 200 -
2025-01-19 20:35:55,986 - INFO: 127.0.0.1 - - [19/Jan/2025 20:35:55] "OPTIONS /ai/chat HTTP/1.1" 200 -
2025-01-19 20:35:56,314 - WARNING: Weights sum exceeds 1.0, normalizing weights.
2025-01-19 20:35:56,378 - INFO: Found 0 top matches
2025-01-19 20:35:56,381 - INFO: 127.0.0.1 - - [19/Jan/2025 20:35:56] "POST /ai/chat HTTP/1.1" 200 -
2025-01-19 20:46:26,651 - INFO: 127.0.0.1 - - [19/Jan/2025 20:46:26] "OPTIONS /ai/chat HTTP/1.1" 200 -
2025-01-19 20:46:26,805 - INFO: 127.0.0.1 - - [19/Jan/2025 20:46:26] "POST /ai/chat HTTP/1.1" 200 -
2025-01-19 20:46:54,136 - INFO: 127.0.0.1 - - [19/Jan/2025 20:46:54] "OPTIONS /ai/chat HTTP/1.1" 200 -
2025-01-19 20:46:54,957 - WARNING: Weights sum exceeds 1.0, normalizing weights.
2025-01-19 20:46:55,073 - INFO: Found 0 top matches
2025-01-19 20:46:55,079 - INFO: 127.0.0.1 - - [19/Jan/2025 20:46:55] "POST /ai/chat HTTP/1.1" 200 -
2025-01-19 21:36:29,080 - INFO: 127.0.0.1 - - [19/Jan/2025 21:36:29] "OPTIONS /ai/chat HTTP/1.1" 200 -
2025-01-19 21:36:29,235 - INFO: 127.0.0.1 - - [19/Jan/2025 21:36:29] "POST /ai/chat HTTP/1.1" 200 -
2025-01-19 21:36:56,266 - INFO: 127.0.0.1 - - [19/Jan/2025 21:36:56] "OPTIONS /ai/chat HTTP/1.1" 200 -
2025-01-19 21:36:56,665 - WARNING: Weights sum exceeds 1.0, normalizing weights.
2025-01-19 21:36:56,719 - INFO: Found 0 top matches
2025-01-19 21:36:56,723 - INFO: 127.0.0.1 - - [19/Jan/2025 21:36:56] "POST /ai/chat HTTP/1.1" 200 -
2025-01-19 23:17:17,987 - INFO: Fetching users from http://localhost:5000/api/users
2025-01-19 23:17:22,078 - ERROR: API connection error: Cannot connect to host localhost:5000 ssl:default [The remote computer refused the network connection]
2025-01-19 23:17:22,079 - INFO: Using mock user data
2025-01-19 23:17:22,127 - INFO: Matching engine initialized successfully
2025-01-19 23:17:22,128 - INFO: 
==================================================
2025-01-19 23:17:22,131 - INFO: Database Connection Established - Loaded 2 Freelancers:
2025-01-19 23:17:22,133 - INFO: ==================================================
2025-01-19 23:17:22,135 - INFO: 
Freelancer #1:
2025-01-19 23:17:22,136 - INFO: Name: John Developer
2025-01-19 23:17:22,137 - INFO: Title: Full Stack Developer
2025-01-19 23:17:22,139 - INFO: Skills: Python, JavaScript, React
2025-01-19 23:17:22,140 - INFO: Rate: $50.0/hr
2025-01-19 23:17:22,142 - INFO: Rating: 4.8%
2025-01-19 23:17:22,143 - INFO: Experience: 5 years
2025-01-19 23:17:22,144 - INFO: Total Jobs: 20
2025-01-19 23:17:22,145 - INFO: ------------------------------
2025-01-19 23:17:22,147 - INFO: 
Freelancer #2:
2025-01-19 23:17:22,149 - INFO: Name: Jane Designer
2025-01-19 23:17:22,150 - INFO: Title: UI/UX Designer
2025-01-19 23:17:22,152 - INFO: Skills: UI Design, UX Research, Figma, Adobe XD
2025-01-19 23:17:22,153 - INFO: Rate: $45.0/hr
2025-01-19 23:17:22,154 - INFO: Rating: 4.9%
2025-01-19 23:17:22,156 - INFO: Experience: 3 years
2025-01-19 23:17:22,157 - INFO: Total Jobs: 15
2025-01-19 23:17:22,158 - INFO: ------------------------------
2025-01-19 23:17:22,159 - INFO: 
==================================================

2025-01-19 23:17:22,162 - INFO: Model initialization completed successfully
2025-01-19 23:17:22,208 - INFO: [31m[1mWARNING: This is a development server. Do not use it in a production deployment. Use a production WSGI server instead.[0m
 * Running on all addresses (0.0.0.0)
 * Running on http://127.0.0.1:8000
 * Running on http://192.168.0.101:8000
2025-01-19 23:17:22,210 - INFO: [33mPress CTRL+C to quit[0m
2025-01-19 23:20:01,494 - INFO: 127.0.0.1 - - [19/Jan/2025 23:20:01] "OPTIONS /ai/chat HTTP/1.1" 200 -
2025-01-19 23:20:01,529 - INFO: Processing chat request: hi
2025-01-19 23:20:01,530 - INFO: Detected intent: general
2025-01-19 23:20:01,595 - INFO: 127.0.0.1 - - [19/Jan/2025 23:20:01] "[35m[1mPOST /ai/chat HTTP/1.1[0m" 500 -
2025-01-19 23:22:53,583 - INFO: 127.0.0.1 - - [19/Jan/2025 23:22:53] "OPTIONS /ai/chat HTTP/1.1" 200 -
2025-01-19 23:22:54,050 - INFO: Processing chat request: hi
2025-01-19 23:22:54,050 - INFO: Detected intent: general
2025-01-19 23:22:54,217 - INFO: 127.0.0.1 - - [19/Jan/2025 23:22:54] "[35m[1mPOST /ai/chat HTTP/1.1[0m" 500 -
2025-01-19 23:24:29,327 - INFO: Fetching users from http://localhost:5000/api/users
2025-01-19 23:24:31,050 - ERROR: API returned unexpected status 404
2025-01-19 23:24:31,050 - INFO: Using mock user data
2025-01-19 23:24:31,092 - INFO: Matching engine initialized successfully
2025-01-19 23:24:31,093 - INFO: 
==================================================
2025-01-19 23:24:31,093 - INFO: Database Connection Established - Loaded 2 Freelancers:
2025-01-19 23:24:31,093 - INFO: ==================================================
2025-01-19 23:24:31,094 - INFO: 
Freelancer #1:
2025-01-19 23:24:31,094 - INFO: Name: John Developer
2025-01-19 23:24:31,094 - INFO: Title: Full Stack Developer
2025-01-19 23:24:31,095 - INFO: Skills: Python, JavaScript, React
2025-01-19 23:24:31,095 - INFO: Rate: $50.0/hr
2025-01-19 23:24:31,095 - INFO: Rating: 4.8%
2025-01-19 23:24:31,095 - INFO: Experience: 5 years
2025-01-19 23:24:31,096 - INFO: Total Jobs: 20
2025-01-19 23:24:31,097 - INFO: ------------------------------
2025-01-19 23:24:31,098 - INFO: 
Freelancer #2:
2025-01-19 23:24:31,098 - INFO: Name: Jane Designer
2025-01-19 23:24:31,100 - INFO: Title: UI/UX Designer
2025-01-19 23:24:31,101 - INFO: Skills: UI Design, UX Research, Figma, Adobe XD
2025-01-19 23:24:31,101 - INFO: Rate: $45.0/hr
2025-01-19 23:24:31,102 - INFO: Rating: 4.9%
2025-01-19 23:24:31,102 - INFO: Experience: 3 years
2025-01-19 23:24:31,103 - INFO: Total Jobs: 15
2025-01-19 23:24:31,103 - INFO: ------------------------------
2025-01-19 23:24:31,104 - INFO: 
==================================================

2025-01-19 23:24:31,105 - INFO: Model initialization completed successfully
2025-01-19 23:24:31,168 - INFO: [31m[1mWARNING: This is a development server. Do not use it in a production deployment. Use a production WSGI server instead.[0m
 * Running on all addresses (0.0.0.0)
 * Running on http://127.0.0.1:8000
 * Running on http://192.168.0.101:8000
2025-01-19 23:24:31,168 - INFO: [33mPress CTRL+C to quit[0m
2025-01-19 23:24:47,501 - INFO: 127.0.0.1 - - [19/Jan/2025 23:24:47] "OPTIONS /ai/chat HTTP/1.1" 200 -
2025-01-19 23:24:47,750 - INFO: Processing chat request: hi
2025-01-19 23:24:47,750 - INFO: Detected intent: general
2025-01-19 23:24:47,765 - INFO: 127.0.0.1 - - [19/Jan/2025 23:24:47] "POST /ai/chat HTTP/1.1" 200 -
2025-01-19 23:25:04,468 - INFO: 127.0.0.1 - - [19/Jan/2025 23:25:04] "OPTIONS /ai/chat HTTP/1.1" 200 -
2025-01-19 23:25:04,718 - INFO: Processing chat request: find me a full stack developer
2025-01-19 23:25:04,718 - INFO: Detected intent: find_freelancers
2025-01-19 23:25:04,756 - INFO: Extracted skills: ['full stack developer', 'developer']
2025-01-19 23:25:04,756 - INFO: Budget range: $15-$150
2025-01-19 23:25:04,777 - INFO: 
==================================================
2025-01-19 23:25:04,777 - INFO: Starting Freelancer Search
2025-01-19 23:25:04,778 - INFO: ==================================================
2025-01-19 23:25:04,778 - INFO: 
Project Requirements:
2025-01-19 23:25:04,779 - INFO: Description: find me a full stack developer
2025-01-19 23:25:04,780 - INFO: Required Skills: full stack developer, developer
2025-01-19 23:25:04,780 - INFO: Budget Range: $15-$150
2025-01-19 23:25:04,781 - INFO: Complexity: medium
2025-01-19 23:25:04,781 - INFO: Timeline: 30 days
2025-01-19 23:25:04,782 - ERROR: Chat error: Project.__init__() missing 1 required positional argument: 'id'
Traceback (most recent call last):
  File "C:\Users\coolbuoy\Desktop\SjmIntegral\upwork_clonee\python\ai.py", line 261, in chat
    matches = await model.find_top_matches(Project(**project_details))
TypeError: Project.__init__() missing 1 required positional argument: 'id'
2025-01-19 23:25:04,786 - INFO: 127.0.0.1 - - [19/Jan/2025 23:25:04] "[35m[1mPOST /ai/chat HTTP/1.1[0m" 500 -
2025-01-19 23:29:20,823 - INFO: 127.0.0.1 - - [19/Jan/2025 23:29:20] "OPTIONS /ai/chat HTTP/1.1" 200 -
2025-01-19 23:29:20,961 - INFO: Processing chat request: hi
2025-01-19 23:29:20,961 - INFO: Detected intent: general
2025-01-19 23:29:20,961 - INFO: 127.0.0.1 - - [19/Jan/2025 23:29:20] "POST /ai/chat HTTP/1.1" 200 -
2025-01-19 23:29:36,307 - INFO: 127.0.0.1 - - [19/Jan/2025 23:29:36] "OPTIONS /ai/chat HTTP/1.1" 200 -
2025-01-19 23:29:36,540 - INFO: Processing chat request: find me a full stack developer
2025-01-19 23:29:36,540 - INFO: Detected intent: find_freelancers
2025-01-19 23:29:36,723 - INFO: Extracted skills: ['full stack developer', 'developer']
2025-01-19 23:29:36,723 - INFO: Budget range: $15-$150
2025-01-19 23:29:36,723 - INFO: 
==================================================
2025-01-19 23:29:36,723 - INFO: Starting Freelancer Search
2025-01-19 23:29:36,723 - INFO: ==================================================
2025-01-19 23:29:36,723 - INFO: 
Project Requirements:
2025-01-19 23:29:36,723 - INFO: Description: find me a full stack developer
2025-01-19 23:29:36,723 - INFO: Required Skills: full stack developer, developer
2025-01-19 23:29:36,723 - INFO: Budget Range: $15-$150
2025-01-19 23:29:36,723 - INFO: Complexity: medium
2025-01-19 23:29:36,739 - INFO: Timeline: 30 days
2025-01-19 23:29:36,739 - ERROR: Chat error: Project.__init__() missing 1 required positional argument: 'id'
Traceback (most recent call last):
  File "C:\Users\coolbuoy\Desktop\SjmIntegral\upwork_clonee\python\ai.py", line 261, in chat
    logger.info(f"Complexity: {project_details['complexity']}")
TypeError: Project.__init__() missing 1 required positional argument: 'id'
2025-01-19 23:29:36,759 - INFO: 127.0.0.1 - - [19/Jan/2025 23:29:36] "[35m[1mPOST /ai/chat HTTP/1.1[0m" 500 -
2025-01-19 23:53:54,525 - INFO: Fetching freelancers from http://localhost:5000/api/freelancers
2025-01-19 23:53:54,871 - INFO: Successfully loaded 0 freelancers
2025-01-19 23:53:54,872 - ERROR: No users available for matching engine
2025-01-19 23:53:54,872 - ERROR: Error initializing matching engine: No users available
2025-01-19 23:53:54,873 - ERROR: Error initializing model: No users available
Traceback (most recent call last):
  File "C:\Users\coolbuoy\Desktop\SjmIntegral\upwork_clonee\python\ai.py", line 61, in initialize_model
    await model.initialize_matching_engine()
  File "C:\Users\coolbuoy\Desktop\SjmIntegral\upwork_clonee\python\upworkModel.py", line 169, in initialize_matching_engine
    raise Exception("No users available")
Exception: No users available
2025-01-19 23:53:54,874 - ERROR: Startup error: No users available
2025-01-20 07:38:04,711 - INFO: Fetching freelancers from http://localhost:5000/api/freelancers
2025-01-20 07:38:04,922 - ERROR: Error loading users: API Error: 500
2025-01-20 07:38:04,922 - INFO: Using mock user data
2025-01-20 07:38:04,938 - INFO: Matching engine initialized successfully
2025-01-20 07:38:04,938 - INFO: 
==================================================
Loaded 2 users:
2025-01-20 07:38:04,945 - INFO: 
1. John Developer (Full Stack Developer)
2025-01-20 07:38:04,946 - INFO:    Skills: Python, JavaScript, React
2025-01-20 07:38:04,946 - INFO:    Rate: $50.0/hr, Rating: 4.8%
2025-01-20 07:38:04,946 - INFO: 
2. Jane Designer (UI/UX Designer)
2025-01-20 07:38:04,946 - INFO:    Skills: UI Design, UX Research, Figma, Adobe XD
2025-01-20 07:38:04,946 - INFO:    Rate: $45.0/hr, Rating: 4.9%
2025-01-20 07:38:04,949 - INFO: ==================================================

2025-01-20 07:38:04,949 - INFO: Model initialization completed successfully
2025-01-20 07:38:04,979 - INFO: [31m[1mWARNING: This is a development server. Do not use it in a production deployment. Use a production WSGI server instead.[0m
 * Running on all addresses (0.0.0.0)
 * Running on http://127.0.0.1:8000
 * Running on http://192.168.124.233:8000
2025-01-20 07:38:04,995 - INFO: [33mPress CTRL+C to quit[0m
2025-01-20 07:46:16,709 - INFO: Fetching freelancers from http://localhost:5000/api/freelancers
2025-01-20 07:46:16,790 - ERROR: Error loading users: API Error: 500
2025-01-20 07:46:16,790 - INFO: Using mock user data
2025-01-20 07:46:16,809 - INFO: Matching engine initialized successfully
2025-01-20 07:46:16,809 - INFO: 
==================================================
Loaded 2 users:
2025-01-20 07:46:16,809 - INFO: 
1. John Developer (Full Stack Developer)
2025-01-20 07:46:16,809 - INFO:    Skills: Python, JavaScript, React
2025-01-20 07:46:16,809 - INFO:    Rate: $50.0/hr, Rating: 4.8%
2025-01-20 07:46:16,809 - INFO: 
2. Jane Designer (UI/UX Designer)
2025-01-20 07:46:16,819 - INFO:    Skills: UI Design, UX Research, Figma, Adobe XD
2025-01-20 07:46:16,819 - INFO:    Rate: $45.0/hr, Rating: 4.9%
2025-01-20 07:46:16,821 - INFO: ==================================================

2025-01-20 07:46:16,821 - INFO: Model initialization completed successfully
2025-01-20 07:46:16,866 - INFO: [31m[1mWARNING: This is a development server. Do not use it in a production deployment. Use a production WSGI server instead.[0m
 * Running on all addresses (0.0.0.0)
 * Running on http://127.0.0.1:8000
 * Running on http://192.168.124.233:8000
2025-01-20 07:46:16,866 - INFO: [33mPress CTRL+C to quit[0m
2025-01-20 07:48:56,808 - INFO: Fetching freelancers from http://localhost:5000/api/freelancers
2025-01-20 07:48:57,403 - INFO: Successfully loaded 500 freelancers
2025-01-20 07:48:57,464 - INFO: Matching engine initialized successfully
2025-01-20 07:48:57,464 - INFO: 
==================================================
Loaded 500 users:
2025-01-20 07:48:57,464 - INFO: 
1. Maggie Turcotte ()
2025-01-20 07:48:57,464 - INFO:    Skills: Laravel, MySQL, PostgreSQL, ASP.NET, Google Ads, SEM
2025-01-20 07:48:57,472 - INFO:    Rate: $0.0/hr, Rating: 4.33746%
2025-01-20 07:48:57,472 - INFO: 
2. Ernesto Dare ()
2025-01-20 07:48:57,472 - INFO:    Skills: Visual Design, UI/UX Design, Design Thinking, Motion Design, Wireframing, Design Thinking
2025-01-20 07:48:57,472 - INFO:    Rate: $0.0/hr, Rating: 4.47013%
2025-01-20 07:48:57,472 - INFO: 
3. Lance Boyer ()
2025-01-20 07:48:57,472 - INFO:    Skills: A/B Testing, TensorFlow, R, Spark, Xamarin, Kotlin
2025-01-20 07:48:57,472 - INFO:    Rate: $0.0/hr, Rating: 4.95879%
2025-01-20 07:48:57,472 - INFO: 
4. Mr. Hubert Volkman DDS ()
2025-01-20 07:48:57,472 - INFO:    Skills: TensorFlow, SQL, Computer Vision, Tableau, UI/UX Design, Accessibility
2025-01-20 07:48:57,472 - INFO:    Rate: $0.0/hr, Rating: 4.69439%
2025-01-20 07:48:57,480 - INFO: 
5. Kristina Gleichner ()
2025-01-20 07:48:57,480 - INFO:    Skills: AWS, Angular, Git, PostgreSQL, NLP, Tableau
2025-01-20 07:48:57,480 - INFO:    Rate: $0.0/hr, Rating: 4.98434%
2025-01-20 07:48:57,484 - INFO: 
6. Viola Hodkiewicz ()
2025-01-20 07:48:57,492 - INFO:    Skills: Design Thinking, UI/UX Design, Visual Design, Design Systems, Motion Design, Accessibility
2025-01-20 07:48:57,492 - INFO:    Rate: $0.0/hr, Rating: 4.22534%
2025-01-20 07:48:57,492 - INFO: 
7. Danny Mayer-Yost ()
2025-01-20 07:48:57,508 - INFO:    Skills: SEM, Conversion Optimization, Marketing Automation, SEO, PostgreSQL, Docker
2025-01-20 07:48:57,508 - INFO:    Rate: $0.0/hr, Rating: 4.03679%
2025-01-20 07:48:57,516 - INFO: 
8. Ms. Natasha Beahan ()
2025-01-20 07:48:57,516 - INFO:    Skills: Figma, InVision, Wireframing, Design Systems, Deep Learning, Machine Learning
2025-01-20 07:48:57,516 - INFO:    Rate: $0.0/hr, Rating: 4.92963%
2025-01-20 07:48:57,516 - INFO: 
9. Adam Hoppe II ()
2025-01-20 07:48:57,524 - INFO:    Skills: Accessibility, Design Systems, User Research, UI/UX Design, GraphQL, Docker
2025-01-20 07:48:57,524 - INFO:    Rate: $0.0/hr, Rating: 4.09507%
2025-01-20 07:48:57,540 - INFO: 
10. Alison Leffler ()
2025-01-20 07:48:57,540 - INFO:    Skills: Mobile Security, App Store Optimization, Android, Java, Spark, Computer Vision
2025-01-20 07:48:57,556 - INFO:    Rate: $0.0/hr, Rating: 4.23481%
2025-01-20 07:48:57,556 - INFO: 
... and 490 more users
2025-01-20 07:48:57,580 - INFO: ==================================================

2025-01-20 07:48:57,589 - INFO: Model initialization completed successfully
2025-01-20 07:48:57,639 - INFO: [31m[1mWARNING: This is a development server. Do not use it in a production deployment. Use a production WSGI server instead.[0m
 * Running on all addresses (0.0.0.0)
 * Running on http://127.0.0.1:8000
 * Running on http://192.168.124.233:8000
2025-01-20 07:48:57,639 - INFO: [33mPress CTRL+C to quit[0m
2025-01-20 07:50:56,959 - INFO: 127.0.0.1 - - [20/Jan/2025 07:50:56] "OPTIONS /ai/chat HTTP/1.1" 200 -
2025-01-20 07:50:57,495 - INFO: Processing chat request: hi
2025-01-20 07:50:57,495 - INFO: Detected intent: general
2025-01-20 07:50:57,753 - INFO: 127.0.0.1 - - [20/Jan/2025 07:50:57] "[35m[1mPOST /ai/chat HTTP/1.1[0m" 500 -
2025-01-20 07:55:13,296 - INFO: Fetching freelancers from http://localhost:5000/api/freelancers
2025-01-20 07:55:16,291 - INFO: Successfully loaded 500 freelancers
2025-01-20 07:55:16,369 - INFO: Matching engine initialized successfully
2025-01-20 07:55:16,369 - INFO: 
==================================================
Loaded 500 users:
2025-01-20 07:55:16,369 - INFO: 
1. Maggie Turcotte ()
2025-01-20 07:55:16,369 - INFO:    Skills: Laravel, MySQL, PostgreSQL, ASP.NET, Google Ads, SEM
2025-01-20 07:55:16,369 - INFO:    Rate: $0.0/hr, Rating: 4.33746%
2025-01-20 07:55:16,369 - INFO: 
2. Ernesto Dare ()
2025-01-20 07:55:16,369 - INFO:    Skills: Visual Design, UI/UX Design, Design Thinking, Motion Design, Wireframing, Design Thinking
2025-01-20 07:55:16,369 - INFO:    Rate: $0.0/hr, Rating: 4.47013%
2025-01-20 07:55:16,369 - INFO: 
3. Lance Boyer ()
2025-01-20 07:55:16,377 - INFO:    Skills: A/B Testing, TensorFlow, R, Spark, Xamarin, Kotlin
2025-01-20 07:55:16,377 - INFO:    Rate: $0.0/hr, Rating: 4.95879%
2025-01-20 07:55:16,377 - INFO: 
4. Mr. Hubert Volkman DDS ()
2025-01-20 07:55:16,377 - INFO:    Skills: TensorFlow, SQL, Computer Vision, Tableau, UI/UX Design, Accessibility
2025-01-20 07:55:16,377 - INFO:    Rate: $0.0/hr, Rating: 4.69439%
2025-01-20 07:55:16,377 - INFO: 
5. Kristina Gleichner ()
2025-01-20 07:55:16,381 - INFO:    Skills: AWS, Angular, Git, PostgreSQL, NLP, Tableau
2025-01-20 07:55:16,381 - INFO:    Rate: $0.0/hr, Rating: 4.98434%
2025-01-20 07:55:16,381 - INFO: 
6. Viola Hodkiewicz ()
2025-01-20 07:55:16,383 - INFO:    Skills: Design Thinking, UI/UX Design, Visual Design, Design Systems, Motion Design, Accessibility
2025-01-20 07:55:16,383 - INFO:    Rate: $0.0/hr, Rating: 4.22534%
2025-01-20 07:55:16,383 - INFO: 
7. Danny Mayer-Yost ()
2025-01-20 07:55:16,385 - INFO:    Skills: SEM, Conversion Optimization, Marketing Automation, SEO, PostgreSQL, Docker
2025-01-20 07:55:16,385 - INFO:    Rate: $0.0/hr, Rating: 4.03679%
2025-01-20 07:55:16,385 - INFO: 
8. Ms. Natasha Beahan ()
2025-01-20 07:55:16,385 - INFO:    Skills: Figma, InVision, Wireframing, Design Systems, Deep Learning, Machine Learning
2025-01-20 07:55:16,385 - INFO:    Rate: $0.0/hr, Rating: 4.92963%
2025-01-20 07:55:16,385 - INFO: 
9. Adam Hoppe II ()
2025-01-20 07:55:16,385 - INFO:    Skills: Accessibility, Design Systems, User Research, UI/UX Design, GraphQL, Docker
2025-01-20 07:55:16,385 - INFO:    Rate: $0.0/hr, Rating: 4.09507%
2025-01-20 07:55:16,385 - INFO: 
10. Alison Leffler ()
2025-01-20 07:55:16,385 - INFO:    Skills: Mobile Security, App Store Optimization, Android, Java, Spark, Computer Vision
2025-01-20 07:55:16,385 - INFO:    Rate: $0.0/hr, Rating: 4.23481%
2025-01-20 07:55:16,393 - INFO: 
... and 490 more users
2025-01-20 07:55:16,393 - INFO: ==================================================

2025-01-20 07:55:16,393 - INFO: Model initialization completed successfully
2025-01-20 07:55:16,453 - INFO: [31m[1mWARNING: This is a development server. Do not use it in a production deployment. Use a production WSGI server instead.[0m
 * Running on all addresses (0.0.0.0)
 * Running on http://127.0.0.1:8000
 * Running on http://192.168.124.233:8000
2025-01-20 07:55:16,453 - INFO: [33mPress CTRL+C to quit[0m
2025-01-20 07:55:55,093 - INFO: Fetching freelancers from http://localhost:5000/api/freelancers
2025-01-20 07:55:55,583 - INFO: Successfully loaded 500 freelancers
2025-01-20 07:55:55,633 - INFO: Matching engine initialized successfully
2025-01-20 07:55:55,633 - INFO: 
==================================================
Loaded 500 users:
2025-01-20 07:55:55,633 - INFO: 
1. Maggie Turcotte ()
2025-01-20 07:55:55,633 - INFO:    Skills: Laravel, MySQL, PostgreSQL, ASP.NET, Google Ads, SEM
2025-01-20 07:55:55,638 - INFO:    Rate: $0.0/hr, Rating: 4.33746%
2025-01-20 07:55:55,643 - INFO: 
2. Ernesto Dare ()
2025-01-20 07:55:55,645 - INFO:    Skills: Visual Design, UI/UX Design, Design Thinking, Motion Design, Wireframing, Design Thinking
2025-01-20 07:55:55,647 - INFO:    Rate: $0.0/hr, Rating: 4.47013%
2025-01-20 07:55:55,647 - INFO: 
3. Lance Boyer ()
2025-01-20 07:55:55,647 - INFO:    Skills: A/B Testing, TensorFlow, R, Spark, Xamarin, Kotlin
2025-01-20 07:55:55,649 - INFO:    Rate: $0.0/hr, Rating: 4.95879%
2025-01-20 07:55:55,650 - INFO: 
4. Mr. Hubert Volkman DDS ()
2025-01-20 07:55:55,650 - INFO:    Skills: TensorFlow, SQL, Computer Vision, Tableau, UI/UX Design, Accessibility
2025-01-20 07:55:55,650 - INFO:    Rate: $0.0/hr, Rating: 4.69439%
2025-01-20 07:55:55,650 - INFO: 
5. Kristina Gleichner ()
2025-01-20 07:55:55,650 - INFO:    Skills: AWS, Angular, Git, PostgreSQL, NLP, Tableau
2025-01-20 07:55:55,657 - INFO:    Rate: $0.0/hr, Rating: 4.98434%
2025-01-20 07:55:55,657 - INFO: 
6. Viola Hodkiewicz ()
2025-01-20 07:55:55,657 - INFO:    Skills: Design Thinking, UI/UX Design, Visual Design, Design Systems, Motion Design, Accessibility
2025-01-20 07:55:55,657 - INFO:    Rate: $0.0/hr, Rating: 4.22534%
2025-01-20 07:55:55,657 - INFO: 
7. Danny Mayer-Yost ()
2025-01-20 07:55:55,657 - INFO:    Skills: SEM, Conversion Optimization, Marketing Automation, SEO, PostgreSQL, Docker
2025-01-20 07:55:55,657 - INFO:    Rate: $0.0/hr, Rating: 4.03679%
2025-01-20 07:55:55,657 - INFO: 
8. Ms. Natasha Beahan ()
2025-01-20 07:55:55,657 - INFO:    Skills: Figma, InVision, Wireframing, Design Systems, Deep Learning, Machine Learning
2025-01-20 07:55:55,657 - INFO:    Rate: $0.0/hr, Rating: 4.92963%
2025-01-20 07:55:55,665 - INFO: 
9. Adam Hoppe II ()
2025-01-20 07:55:55,667 - INFO:    Skills: Accessibility, Design Systems, User Research, UI/UX Design, GraphQL, Docker
2025-01-20 07:55:55,667 - INFO:    Rate: $0.0/hr, Rating: 4.09507%
2025-01-20 07:55:55,671 - INFO: 
10. Alison Leffler ()
2025-01-20 07:55:55,672 - INFO:    Skills: Mobile Security, App Store Optimization, Android, Java, Spark, Computer Vision
2025-01-20 07:55:55,672 - INFO:    Rate: $0.0/hr, Rating: 4.23481%
2025-01-20 07:55:55,672 - INFO: 
... and 490 more users
2025-01-20 07:55:55,672 - INFO: ==================================================

2025-01-20 07:55:55,678 - INFO: Model initialization completed successfully
2025-01-20 07:55:55,714 - INFO: [31m[1mWARNING: This is a development server. Do not use it in a production deployment. Use a production WSGI server instead.[0m
 * Running on all addresses (0.0.0.0)
 * Running on http://127.0.0.1:8000
 * Running on http://192.168.124.233:8000
2025-01-20 07:55:55,714 - INFO: [33mPress CTRL+C to quit[0m
2025-01-20 07:57:03,388 - INFO: 127.0.0.1 - - [20/Jan/2025 07:57:03] "OPTIONS /ai/chat HTTP/1.1" 200 -
2025-01-20 07:57:03,625 - INFO: Processing chat request: hi
2025-01-20 07:57:03,640 - INFO: Detected intent: general
2025-01-20 07:57:03,763 - INFO: 127.0.0.1 - - [20/Jan/2025 07:57:03] "[35m[1mPOST /ai/chat HTTP/1.1[0m" 500 -
2025-01-20 08:02:14,789 - INFO: Fetching freelancers from http://localhost:5000/api/freelancers
2025-01-20 08:02:16,427 - INFO: Successfully loaded 500 freelancers
2025-01-20 08:02:16,516 - INFO: Matching engine initialized successfully
2025-01-20 08:02:16,516 - INFO: 
==================================================
Loaded 500 users:
2025-01-20 08:02:16,516 - INFO: 
1. Maggie Turcotte ()
2025-01-20 08:02:16,517 - INFO:    Skills: Laravel, MySQL, PostgreSQL, ASP.NET, Google Ads, SEM
2025-01-20 08:02:16,517 - INFO:    Rate: $0.0/hr, Rating: 4.33746%
2025-01-20 08:02:16,518 - INFO: 
2. Ernesto Dare ()
2025-01-20 08:02:16,518 - INFO:    Skills: Visual Design, UI/UX Design, Design Thinking, Motion Design, Wireframing, Design Thinking
2025-01-20 08:02:16,519 - INFO:    Rate: $0.0/hr, Rating: 4.47013%
2025-01-20 08:02:16,519 - INFO: 
3. Lance Boyer ()
2025-01-20 08:02:16,520 - INFO:    Skills: A/B Testing, TensorFlow, R, Spark, Xamarin, Kotlin
2025-01-20 08:02:16,520 - INFO:    Rate: $0.0/hr, Rating: 4.95879%
2025-01-20 08:02:16,521 - INFO: 
4. Mr. Hubert Volkman DDS ()
2025-01-20 08:02:16,521 - INFO:    Skills: TensorFlow, SQL, Computer Vision, Tableau, UI/UX Design, Accessibility
2025-01-20 08:02:16,521 - INFO:    Rate: $0.0/hr, Rating: 4.69439%
2025-01-20 08:02:16,522 - INFO: 
5. Kristina Gleichner ()
2025-01-20 08:02:16,523 - INFO:    Skills: AWS, Angular, Git, PostgreSQL, NLP, Tableau
2025-01-20 08:02:16,523 - INFO:    Rate: $0.0/hr, Rating: 4.98434%
2025-01-20 08:02:16,523 - INFO: 
6. Viola Hodkiewicz ()
2025-01-20 08:02:16,526 - INFO:    Skills: Design Thinking, UI/UX Design, Visual Design, Design Systems, Motion Design, Accessibility
2025-01-20 08:02:16,526 - INFO:    Rate: $0.0/hr, Rating: 4.22534%
2025-01-20 08:02:16,526 - INFO: 
7. Danny Mayer-Yost ()
2025-01-20 08:02:16,526 - INFO:    Skills: SEM, Conversion Optimization, Marketing Automation, SEO, PostgreSQL, Docker
2025-01-20 08:02:16,531 - INFO:    Rate: $0.0/hr, Rating: 4.03679%
2025-01-20 08:02:16,531 - INFO: 
8. Ms. Natasha Beahan ()
2025-01-20 08:02:16,531 - INFO:    Skills: Figma, InVision, Wireframing, Design Systems, Deep Learning, Machine Learning
2025-01-20 08:02:16,531 - INFO:    Rate: $0.0/hr, Rating: 4.92963%
2025-01-20 08:02:16,531 - INFO: 
9. Adam Hoppe II ()
2025-01-20 08:02:16,531 - INFO:    Skills: Accessibility, Design Systems, User Research, UI/UX Design, GraphQL, Docker
2025-01-20 08:02:16,531 - INFO:    Rate: $0.0/hr, Rating: 4.09507%
2025-01-20 08:02:16,531 - INFO: 
10. Alison Leffler ()
2025-01-20 08:02:16,537 - INFO:    Skills: Mobile Security, App Store Optimization, Android, Java, Spark, Computer Vision
2025-01-20 08:02:16,537 - INFO:    Rate: $0.0/hr, Rating: 4.23481%
2025-01-20 08:02:16,539 - INFO: 
... and 490 more users
2025-01-20 08:02:16,539 - INFO: ==================================================

2025-01-20 08:02:16,547 - INFO: Model initialization completed successfully
2025-01-20 08:02:16,610 - INFO: [31m[1mWARNING: This is a development server. Do not use it in a production deployment. Use a production WSGI server instead.[0m
 * Running on all addresses (0.0.0.0)
 * Running on http://127.0.0.1:8000
 * Running on http://192.168.124.233:8000
2025-01-20 08:02:16,610 - INFO: [33mPress CTRL+C to quit[0m
2025-01-20 08:02:26,939 - INFO: 127.0.0.1 - - [20/Jan/2025 08:02:26] "OPTIONS /ai/chat HTTP/1.1" 200 -
2025-01-20 08:02:27,191 - INFO: Processing chat request: hi
2025-01-20 08:02:27,191 - INFO: Detected intent: general
2025-01-20 08:02:27,191 - INFO: 127.0.0.1 - - [20/Jan/2025 08:02:27] "POST /ai/chat HTTP/1.1" 200 -
2025-01-20 08:02:43,906 - INFO: 127.0.0.1 - - [20/Jan/2025 08:02:43] "OPTIONS /ai/chat HTTP/1.1" 200 -
2025-01-20 08:02:44,154 - INFO: Processing chat request: find me a react developer with node.js experience, budget $50-100/hr
2025-01-20 08:02:44,154 - INFO: Detected intent: find_users
2025-01-20 08:02:44,154 - INFO: 127.0.0.1 - - [20/Jan/2025 08:02:44] "POST /ai/chat HTTP/1.1" 200 -
2025-01-20 08:02:59,444 - INFO: 127.0.0.1 - - [20/Jan/2025 08:02:59] "OPTIONS /ai/chat HTTP/1.1" 200 -
2025-01-20 08:02:59,688 - INFO: Processing chat request: find me a react developer
2025-01-20 08:02:59,688 - INFO: Detected intent: find_users
2025-01-20 08:02:59,696 - INFO: 127.0.0.1 - - [20/Jan/2025 08:02:59] "POST /ai/chat HTTP/1.1" 200 -
2025-01-20 08:20:07,782 - INFO: Fetching freelancers from http://localhost:5000/api/freelancers
2025-01-20 08:20:09,065 - INFO: Successfully loaded 500 freelancers
2025-01-20 08:20:09,164 - INFO: Matching engine initialized successfully
2025-01-20 08:20:09,164 - INFO: 
==================================================
Loaded 500 users:
2025-01-20 08:20:09,177 - INFO: 
1. Maggie Turcotte ()
2025-01-20 08:20:09,177 - INFO:    Skills: Laravel, MySQL, PostgreSQL, ASP.NET, Google Ads, SEM
2025-01-20 08:20:09,177 - INFO:    Rate: $0.0/hr, Rating: 4.33746%
2025-01-20 08:20:09,179 - INFO: 
2. Ernesto Dare ()
2025-01-20 08:20:09,180 - INFO:    Skills: Visual Design, UI/UX Design, Design Thinking, Motion Design, Wireframing, Design Thinking
2025-01-20 08:20:09,180 - INFO:    Rate: $0.0/hr, Rating: 4.47013%
2025-01-20 08:20:09,180 - INFO: 
3. Lance Boyer ()
2025-01-20 08:20:09,180 - INFO:    Skills: A/B Testing, TensorFlow, R, Spark, Xamarin, Kotlin
2025-01-20 08:20:09,187 - INFO:    Rate: $0.0/hr, Rating: 4.95879%
2025-01-20 08:20:09,187 - INFO: 
4. Mr. Hubert Volkman DDS ()
2025-01-20 08:20:09,187 - INFO:    Skills: TensorFlow, SQL, Computer Vision, Tableau, UI/UX Design, Accessibility
2025-01-20 08:20:09,188 - INFO:    Rate: $0.0/hr, Rating: 4.69439%
2025-01-20 08:20:09,188 - INFO: 
5. Kristina Gleichner ()
2025-01-20 08:20:09,189 - INFO:    Skills: AWS, Angular, Git, PostgreSQL, NLP, Tableau
2025-01-20 08:20:09,189 - INFO:    Rate: $0.0/hr, Rating: 4.98434%
2025-01-20 08:20:09,189 - INFO: 
6. Viola Hodkiewicz ()
2025-01-20 08:20:09,189 - INFO:    Skills: Design Thinking, UI/UX Design, Visual Design, Design Systems, Motion Design, Accessibility
2025-01-20 08:20:09,189 - INFO:    Rate: $0.0/hr, Rating: 4.22534%
2025-01-20 08:20:09,189 - INFO: 
7. Danny Mayer-Yost ()
2025-01-20 08:20:09,189 - INFO:    Skills: SEM, Conversion Optimization, Marketing Automation, SEO, PostgreSQL, Docker
2025-01-20 08:20:09,193 - INFO:    Rate: $0.0/hr, Rating: 4.03679%
2025-01-20 08:20:09,193 - INFO: 
8. Ms. Natasha Beahan ()
2025-01-20 08:20:09,193 - INFO:    Skills: Figma, InVision, Wireframing, Design Systems, Deep Learning, Machine Learning
2025-01-20 08:20:09,215 - INFO:    Rate: $0.0/hr, Rating: 4.92963%
2025-01-20 08:20:09,215 - INFO: 
9. Adam Hoppe II ()
2025-01-20 08:20:09,215 - INFO:    Skills: Accessibility, Design Systems, User Research, UI/UX Design, GraphQL, Docker
2025-01-20 08:20:09,215 - INFO:    Rate: $0.0/hr, Rating: 4.09507%
2025-01-20 08:20:09,215 - INFO: 
10. Alison Leffler ()
2025-01-20 08:20:09,215 - INFO:    Skills: Mobile Security, App Store Optimization, Android, Java, Spark, Computer Vision
2025-01-20 08:20:09,215 - INFO:    Rate: $0.0/hr, Rating: 4.23481%
2025-01-20 08:20:09,215 - INFO: 
... and 490 more users
2025-01-20 08:20:09,227 - INFO: ==================================================

2025-01-20 08:20:09,227 - INFO: Model initialization completed successfully
2025-01-20 08:20:09,297 - INFO: [31m[1mWARNING: This is a development server. Do not use it in a production deployment. Use a production WSGI server instead.[0m
 * Running on all addresses (0.0.0.0)
 * Running on http://127.0.0.1:8000
 * Running on http://192.168.124.233:8000
2025-01-20 08:20:09,297 - INFO: [33mPress CTRL+C to quit[0m
2025-01-20 08:24:03,954 - INFO: 127.0.0.1 - - [20/Jan/2025 08:24:03] "OPTIONS /ai/chat HTTP/1.1" 200 -
2025-01-20 08:24:05,967 - INFO: Processing chat request: hi
2025-01-20 08:24:06,015 - INFO: Detected intent: general
2025-01-20 08:24:06,102 - INFO: 127.0.0.1 - - [20/Jan/2025 08:24:06] "POST /ai/chat HTTP/1.1" 200 -
2025-01-20 08:24:17,508 - INFO: 127.0.0.1 - - [20/Jan/2025 08:24:17] "OPTIONS /ai/chat HTTP/1.1" 200 -
2025-01-20 08:24:17,764 - INFO: Processing chat request: find me a react developer
2025-01-20 08:24:17,764 - INFO: Detected intent: find_users
2025-01-20 08:24:17,768 - INFO: 127.0.0.1 - - [20/Jan/2025 08:24:17] "POST /ai/chat HTTP/1.1" 200 -
2025-01-20 08:24:34,474 - INFO: 127.0.0.1 - - [20/Jan/2025 08:24:34] "OPTIONS /ai/chat HTTP/1.1" 200 -
2025-01-20 08:24:34,742 - INFO: Processing chat request: help me find freelancers
2025-01-20 08:24:34,742 - INFO: Detected intent: find_users
2025-01-20 08:24:34,763 - INFO: 127.0.0.1 - - [20/Jan/2025 08:24:34] "POST /ai/chat HTTP/1.1" 200 -
2025-01-20 08:27:26,902 - INFO: 127.0.0.1 - - [20/Jan/2025 08:27:26] "OPTIONS /ai/chat HTTP/1.1" 200 -
2025-01-20 08:27:27,058 - INFO: Processing chat request: hi
2025-01-20 08:27:27,058 - INFO: Detected intent: general
2025-01-20 08:27:27,071 - INFO: 127.0.0.1 - - [20/Jan/2025 08:27:27] "POST /ai/chat HTTP/1.1" 200 -
2025-01-20 08:27:42,578 - INFO: 127.0.0.1 - - [20/Jan/2025 08:27:42] "OPTIONS /ai/chat HTTP/1.1" 200 -
2025-01-20 08:27:42,827 - INFO: Processing chat request: find me a react developer
2025-01-20 08:27:42,827 - INFO: Detected intent: find_users
2025-01-20 08:27:42,827 - INFO: 127.0.0.1 - - [20/Jan/2025 08:27:42] "POST /ai/chat HTTP/1.1" 200 -
2025-01-20 08:29:04,491 - INFO: 127.0.0.1 - - [20/Jan/2025 08:29:04] "OPTIONS /ai/chat HTTP/1.1" 200 -
2025-01-20 08:29:04,694 - INFO: Processing chat request: hi
2025-01-20 08:29:04,694 - INFO: Detected intent: general
2025-01-20 08:29:04,704 - INFO: 127.0.0.1 - - [20/Jan/2025 08:29:04] "POST /ai/chat HTTP/1.1" 200 -
2025-01-20 08:29:14,664 - INFO: 127.0.0.1 - - [20/Jan/2025 08:29:14] "OPTIONS /ai/chat HTTP/1.1" 200 -
2025-01-20 08:29:15,084 - INFO: Processing chat request: find me a react developer
2025-01-20 08:29:15,084 - INFO: Detected intent: find_users
2025-01-20 08:29:15,089 - INFO: 127.0.0.1 - - [20/Jan/2025 08:29:15] "POST /ai/chat HTTP/1.1" 200 -
2025-01-20 08:29:46,355 - INFO: Fetching freelancers from http://localhost:5000/api/freelancers
2025-01-20 08:29:47,406 - INFO: Successfully loaded 500 freelancers
2025-01-20 08:29:47,522 - INFO: Matching engine initialized successfully
2025-01-20 08:29:47,522 - INFO: 
==================================================
Loaded 500 users:
2025-01-20 08:29:47,522 - INFO: 
1. Maggie Turcotte ()
2025-01-20 08:29:47,522 - INFO:    Skills: Laravel, MySQL, PostgreSQL, ASP.NET, Google Ads, SEM
2025-01-20 08:29:47,522 - INFO:    Rate: $0.0/hr, Rating: 4.33746%
2025-01-20 08:29:47,522 - INFO: 
2. Ernesto Dare ()
2025-01-20 08:29:47,522 - INFO:    Skills: Visual Design, UI/UX Design, Design Thinking, Motion Design, Wireframing, Design Thinking
2025-01-20 08:29:47,522 - INFO:    Rate: $0.0/hr, Rating: 4.47013%
2025-01-20 08:29:47,522 - INFO: 
3. Lance Boyer ()
2025-01-20 08:29:47,536 - INFO:    Skills: A/B Testing, TensorFlow, R, Spark, Xamarin, Kotlin
2025-01-20 08:29:47,537 - INFO:    Rate: $0.0/hr, Rating: 4.95879%
2025-01-20 08:29:47,537 - INFO: 
4. Mr. Hubert Volkman DDS ()
2025-01-20 08:29:47,541 - INFO:    Skills: TensorFlow, SQL, Computer Vision, Tableau, UI/UX Design, Accessibility
2025-01-20 08:29:47,541 - INFO:    Rate: $0.0/hr, Rating: 4.69439%
2025-01-20 08:29:47,553 - INFO: 
5. Kristina Gleichner ()
2025-01-20 08:29:47,557 - INFO:    Skills: AWS, Angular, Git, PostgreSQL, NLP, Tableau
2025-01-20 08:29:47,562 - INFO:    Rate: $0.0/hr, Rating: 4.98434%
2025-01-20 08:29:47,562 - INFO: 
6. Viola Hodkiewicz ()
2025-01-20 08:29:47,562 - INFO:    Skills: Design Thinking, UI/UX Design, Visual Design, Design Systems, Motion Design, Accessibility
2025-01-20 08:29:47,562 - INFO:    Rate: $0.0/hr, Rating: 4.22534%
2025-01-20 08:29:47,562 - INFO: 
7. Danny Mayer-Yost ()
2025-01-20 08:29:47,562 - INFO:    Skills: SEM, Conversion Optimization, Marketing Automation, SEO, PostgreSQL, Docker
2025-01-20 08:29:47,567 - INFO:    Rate: $0.0/hr, Rating: 4.03679%
2025-01-20 08:29:47,570 - INFO: 
8. Ms. Natasha Beahan ()
2025-01-20 08:29:47,570 - INFO:    Skills: Figma, InVision, Wireframing, Design Systems, Deep Learning, Machine Learning
2025-01-20 08:29:47,570 - INFO:    Rate: $0.0/hr, Rating: 4.92963%
2025-01-20 08:29:47,570 - INFO: 
9. Adam Hoppe II ()
2025-01-20 08:29:47,578 - INFO:    Skills: Accessibility, Design Systems, User Research, UI/UX Design, GraphQL, Docker
2025-01-20 08:29:47,578 - INFO:    Rate: $0.0/hr, Rating: 4.09507%
2025-01-20 08:29:47,578 - INFO: 
10. Alison Leffler ()
2025-01-20 08:29:47,578 - INFO:    Skills: Mobile Security, App Store Optimization, Android, Java, Spark, Computer Vision
2025-01-20 08:29:47,578 - INFO:    Rate: $0.0/hr, Rating: 4.23481%
2025-01-20 08:29:47,582 - INFO: 
... and 490 more users
2025-01-20 08:29:47,582 - INFO: ==================================================

2025-01-20 08:29:47,582 - INFO: Model initialization completed successfully
2025-01-20 08:29:47,622 - INFO: [31m[1mWARNING: This is a development server. Do not use it in a production deployment. Use a production WSGI server instead.[0m
 * Running on all addresses (0.0.0.0)
 * Running on http://127.0.0.1:8000
 * Running on http://192.168.124.233:8000
2025-01-20 08:29:47,622 - INFO: [33mPress CTRL+C to quit[0m
2025-01-20 08:30:06,459 - INFO: 127.0.0.1 - - [20/Jan/2025 08:30:06] "OPTIONS /ai/chat HTTP/1.1" 200 -
2025-01-20 08:30:06,725 - INFO: Processing chat request: hi
2025-01-20 08:30:06,725 - INFO: Detected intent: general
2025-01-20 08:30:06,725 - INFO: 127.0.0.1 - - [20/Jan/2025 08:30:06] "POST /ai/chat HTTP/1.1" 200 -
2025-01-20 08:30:14,593 - INFO: 127.0.0.1 - - [20/Jan/2025 08:30:14] "OPTIONS /ai/chat HTTP/1.1" 200 -
2025-01-20 08:30:14,848 - INFO: Processing chat request: find me a react developer
2025-01-20 08:30:14,848 - INFO: Detected intent: find_freelancers
2025-01-20 08:30:14,885 - INFO: 127.0.0.1 - - [20/Jan/2025 08:30:14] "POST /ai/chat HTTP/1.1" 200 -
2025-01-20 08:52:30,294 - INFO: Fetching freelancers from http://localhost:5000/api/freelancers
2025-01-20 08:52:31,128 - INFO: Successfully loaded 500 freelancers
2025-01-20 08:52:31,196 - INFO: Matching engine initialized successfully
2025-01-20 08:52:31,196 - INFO: 
==================================================
Loaded 500 users:
2025-01-20 08:52:31,206 - INFO: 
1. Joe Botsford ()
2025-01-20 08:52:31,206 - INFO:    Skills: Android, Unity, Mobile Security, Kotlin, SEM, Content Marketing
2025-01-20 08:52:31,206 - INFO:    Rate: $0.0/hr, Rating: 4.79316%
2025-01-20 08:52:31,206 - INFO: 
2. Dr. Ian Bergnaum ()
2025-01-20 08:52:31,206 - INFO:    Skills: Unity, Cross-Platform Development, App Store Optimization, React Native, Xamarin, Flutter
2025-01-20 08:52:31,206 - INFO:    Rate: $0.0/hr, Rating: 4.76071%
2025-01-20 08:52:31,206 - INFO: 
3. Leticia Cormier ()
2025-01-20 08:52:31,206 - INFO:    Skills: Hadoop, Tableau, Python, Power BI, Prototyping, Motion Design
2025-01-20 08:52:31,206 - INFO:    Rate: $0.0/hr, Rating: 4.40401%
2025-01-20 08:52:31,206 - INFO: 
4. Ian D'Amore ()
2025-01-20 08:52:31,206 - INFO:    Skills: ASP.NET, PHP, Express.js, GraphQL, Java, Swift
2025-01-20 08:52:31,206 - INFO:    Rate: $0.0/hr, Rating: 4.86449%
2025-01-20 08:52:31,206 - INFO: 
5. Emily McLaughlin ()
2025-01-20 08:52:31,206 - INFO:    Skills: Java, Unity, iOS, Swift, Machine Learning, A/B Testing
2025-01-20 08:52:31,206 - INFO:    Rate: $0.0/hr, Rating: 4.62154%
2025-01-20 08:52:31,206 - INFO: 
6. Edward Crooks ()
2025-01-20 08:52:31,221 - INFO:    Skills: Conversion Optimization, Facebook Ads, Content Marketing, Lead Generation, GraphQL, MySQL
2025-01-20 08:52:31,221 - INFO:    Rate: $0.0/hr, Rating: 4.95675%
2025-01-20 08:52:31,221 - INFO: 
7. Mrs. Whitney Gleichner ()
2025-01-20 08:52:31,221 - INFO:    Skills: Social Media Marketing, SEM, Conversion Optimization, Email Marketing, Mobile UI/UX, Cross-Platform Development
2025-01-20 08:52:31,221 - INFO:    Rate: $0.0/hr, Rating: 4.95329%
2025-01-20 08:52:31,221 - INFO: 
8. Jean Ratke ()
2025-01-20 08:52:31,237 - INFO:    Skills: iOS, Swift, Flutter, Java, PostgreSQL, Django
2025-01-20 08:52:31,237 - INFO:    Rate: $0.0/hr, Rating: 4.05515%
2025-01-20 08:52:31,237 - INFO: 
9. Teri Kuhlman ()
2025-01-20 08:52:31,237 - INFO:    Skills: Analytics, SEO, Lead Generation, SEM, Marketing Automation, Email Marketing
2025-01-20 08:52:31,237 - INFO:    Rate: $0.0/hr, Rating: 4.58752%
2025-01-20 08:52:31,245 - INFO: 
10. Delores Larkin ()
2025-01-20 08:52:31,245 - INFO:    Skills: Redis, Angular, PostgreSQL, Kubernetes, Express.js, React
2025-01-20 08:52:31,245 - INFO:    Rate: $0.0/hr, Rating: 4.84813%
2025-01-20 08:52:31,245 - INFO: 
... and 490 more users
2025-01-20 08:52:31,245 - INFO: ==================================================

2025-01-20 08:52:31,252 - INFO: Model initialization completed successfully
2025-01-20 08:52:31,292 - INFO: [31m[1mWARNING: This is a development server. Do not use it in a production deployment. Use a production WSGI server instead.[0m
 * Running on all addresses (0.0.0.0)
 * Running on http://127.0.0.1:8000
 * Running on http://192.168.124.233:8000
2025-01-20 08:52:31,292 - INFO: [33mPress CTRL+C to quit[0m
2025-01-20 08:53:16,804 - INFO: 127.0.0.1 - - [20/Jan/2025 08:53:16] "OPTIONS /ai/chat HTTP/1.1" 200 -
2025-01-20 08:53:17,078 - INFO: Processing chat request: hi
2025-01-20 08:53:17,078 - INFO: Detected intent: general
2025-01-20 08:53:17,078 - INFO: 127.0.0.1 - - [20/Jan/2025 08:53:17] "POST /ai/chat HTTP/1.1" 200 -
2025-01-20 08:53:44,321 - INFO: 127.0.0.1 - - [20/Jan/2025 08:53:44] "OPTIONS /ai/chat HTTP/1.1" 200 -
2025-01-20 08:53:44,581 - INFO: Processing chat request: find me a react developer
2025-01-20 08:53:44,581 - INFO: Detected intent: find_freelancers
2025-01-20 08:53:44,630 - INFO: 127.0.0.1 - - [20/Jan/2025 08:53:44] "POST /ai/chat HTTP/1.1" 200 -
2025-01-20 09:42:17,607 - INFO: Fetching freelancers from http://localhost:5000/api/freelancers
2025-01-20 09:42:18,304 - INFO: Successfully loaded 500 freelancers
2025-01-20 09:42:18,367 - INFO: Matching engine initialized successfully
2025-01-20 09:42:18,367 - INFO: 
==================================================
Loaded 500 users:
2025-01-20 09:42:18,367 - INFO: 
1. Joan Rice ()
2025-01-20 09:42:18,367 - INFO:    Skills: React Native, Mobile Security, Kotlin, Unity, SEM, CRM
2025-01-20 09:42:18,367 - INFO:    Rate: $0.0/hr, Rating: 4.70271%
2025-01-20 09:42:18,367 - INFO: 
2. Linda Vandervort ()
2025-01-20 09:42:18,367 - INFO:    Skills: SEO, Social Media Marketing, Lead Generation, Marketing Automation, PyTorch, Big Data
2025-01-20 09:42:18,367 - INFO:    Rate: $0.0/hr, Rating: 4.31008%
2025-01-20 09:42:18,367 - INFO: 
3. Rolando Franecki ()
2025-01-20 09:42:18,367 - INFO:    Skills: CRM, SEO, Lead Generation, Analytics, Kotlin, Swift
2025-01-20 09:42:18,381 - INFO:    Rate: $0.0/hr, Rating: 4.2211%
2025-01-20 09:42:18,382 - INFO: 
4. Valerie Rath ()
2025-01-20 09:42:18,382 - INFO:    Skills: Docker, GraphQL, Git, MySQL, Analytics, Content Marketing
2025-01-20 09:42:18,382 - INFO:    Rate: $0.0/hr, Rating: 4.80389%
2025-01-20 09:42:18,382 - INFO: 
5. Lance McCullough-Gislason ()
2025-01-20 09:42:18,382 - INFO:    Skills: Django, Spring Boot, Git, GraphQL, InVision, Sketch
2025-01-20 09:42:18,382 - INFO:    Rate: $0.0/hr, Rating: 4.77939%
2025-01-20 09:42:18,382 - INFO: 
6. Perry Stokes ()
2025-01-20 09:42:18,382 - INFO:    Skills: iOS, React Native, Mobile Security, Kotlin, Flutter, App Store Optimization
2025-01-20 09:42:18,382 - INFO:    Rate: $0.0/hr, Rating: 4.92387%
2025-01-20 09:42:18,382 - INFO: 
7. Cary Kerluke ()
2025-01-20 09:42:18,389 - INFO:    Skills: PostgreSQL, Ruby on Rails, Node.js, Kubernetes, UI/UX Design, Accessibility
2025-01-20 09:42:18,389 - INFO:    Rate: $0.0/hr, Rating: 4.86414%
2025-01-20 09:42:18,389 - INFO: 
8. Lorraine Conroy ()
2025-01-20 09:42:18,389 - INFO:    Skills: Mobile Security, Unity, Cross-Platform Development, iOS, Power BI, Big Data
2025-01-20 09:42:18,389 - INFO:    Rate: $0.0/hr, Rating: 4.82068%
2025-01-20 09:42:18,389 - INFO: 
9. Lance Greenfelder ()
2025-01-20 09:42:18,389 - INFO:    Skills: React Native, Java, Push Notifications, Xamarin, Visual Design, Prototyping
2025-01-20 09:42:18,389 - INFO:    Rate: $0.0/hr, Rating: 4.4699%
2025-01-20 09:42:18,389 - INFO: 
10. Candice Emard ()
2025-01-20 09:42:18,389 - INFO:    Skills: User Research, Motion Design, Visual Design, Design Thinking, React Native, Xamarin
2025-01-20 09:42:18,389 - INFO:    Rate: $0.0/hr, Rating: 4.61259%
2025-01-20 09:42:18,397 - INFO: 
... and 490 more users
2025-01-20 09:42:18,397 - INFO: ==================================================

2025-01-20 09:42:18,397 - INFO: Model initialization completed successfully
2025-01-20 09:42:18,484 - INFO: [31m[1mWARNING: This is a development server. Do not use it in a production deployment. Use a production WSGI server instead.[0m
 * Running on all addresses (0.0.0.0)
 * Running on http://127.0.0.1:8000
 * Running on http://192.168.124.233:8000
2025-01-20 09:42:18,486 - INFO: [33mPress CTRL+C to quit[0m
2025-01-20 09:42:43,252 - INFO: 127.0.0.1 - - [20/Jan/2025 09:42:43] "OPTIONS /ai/chat HTTP/1.1" 200 -
2025-01-20 09:42:43,502 - INFO: Processing chat request: hi
2025-01-20 09:42:43,502 - INFO: 127.0.0.1 - - [20/Jan/2025 09:42:43] "POST /ai/chat HTTP/1.1" 200 -
2025-01-20 09:42:59,570 - INFO: 127.0.0.1 - - [20/Jan/2025 09:42:59] "OPTIONS /ai/chat HTTP/1.1" 200 -
2025-01-20 09:42:59,817 - INFO: Processing chat request: find a freelancer for react
2025-01-20 09:42:59,880 - INFO: 127.0.0.1 - - [20/Jan/2025 09:42:59] "POST /ai/chat HTTP/1.1" 200 -
2025-01-20 09:43:50,499 - INFO: 127.0.0.1 - - [20/Jan/2025 09:43:50] "OPTIONS /ai/chat HTTP/1.1" 200 -
2025-01-20 09:43:50,771 - INFO: Processing chat request: submit_project_details
2025-01-20 09:43:51,065 - INFO: Found 0 top matches
2025-01-20 09:43:51,065 - INFO: 127.0.0.1 - - [20/Jan/2025 09:43:51] "POST /ai/chat HTTP/1.1" 200 -
2025-01-20 09:44:35,208 - INFO: 127.0.0.1 - - [20/Jan/2025 09:44:35] "OPTIONS /ai/chat HTTP/1.1" 200 -
2025-01-20 09:44:35,476 - INFO: Processing chat request: find me a digital marketing specialist
2025-01-20 09:44:35,510 - INFO: 127.0.0.1 - - [20/Jan/2025 09:44:35] "POST /ai/chat HTTP/1.1" 200 -
2025-01-20 09:45:04,225 - INFO: 127.0.0.1 - - [20/Jan/2025 09:45:04] "OPTIONS /ai/chat HTTP/1.1" 200 -
2025-01-20 09:45:04,493 - INFO: Processing chat request: submit_project_details
2025-01-20 09:45:04,793 - INFO: Found 0 top matches
2025-01-20 09:45:04,806 - INFO: 127.0.0.1 - - [20/Jan/2025 09:45:04] "POST /ai/chat HTTP/1.1" 200 -
2025-01-20 09:48:30,167 - INFO: 127.0.0.1 - - [20/Jan/2025 09:48:30] "OPTIONS /ai/chat HTTP/1.1" 200 -
2025-01-20 09:48:30,341 - INFO: Processing chat request: find me a digital marketing specialist
2025-01-20 09:48:30,536 - INFO: 127.0.0.1 - - [20/Jan/2025 09:48:30] "POST /ai/chat HTTP/1.1" 200 -
2025-01-20 09:48:48,885 - INFO: 127.0.0.1 - - [20/Jan/2025 09:48:48] "OPTIONS /ai/chat HTTP/1.1" 200 -
2025-01-20 09:48:49,150 - INFO: Processing chat request: submit_project_details
2025-01-20 09:48:49,582 - INFO: Found 0 top matches
2025-01-20 09:48:49,584 - INFO: 127.0.0.1 - - [20/Jan/2025 09:48:49] "POST /ai/chat HTTP/1.1" 200 -
2025-01-20 09:55:55,791 - INFO: 127.0.0.1 - - [20/Jan/2025 09:55:55] "OPTIONS /ai/chat HTTP/1.1" 200 -
2025-01-20 09:55:55,875 - INFO: Processing chat request: looking for a digital marketing expert with seo and content marketing skills
2025-01-20 09:55:55,883 - INFO: 127.0.0.1 - - [20/Jan/2025 09:55:55] "POST /ai/chat HTTP/1.1" 200 -
2025-01-20 09:56:02,499 - INFO: 127.0.0.1 - - [20/Jan/2025 09:56:02] "OPTIONS /ai/chat HTTP/1.1" 200 -
2025-01-20 09:56:02,749 - INFO: Processing chat request: hi
2025-01-20 09:56:02,749 - INFO: 127.0.0.1 - - [20/Jan/2025 09:56:02] "POST /ai/chat HTTP/1.1" 200 -
2025-01-20 09:56:52,090 - INFO: 127.0.0.1 - - [20/Jan/2025 09:56:52] "OPTIONS /ai/chat HTTP/1.1" 200 -
2025-01-20 09:56:52,340 - INFO: Processing chat request: looking for a digital marketing expert with seo and content marketing skills
2025-01-20 09:56:52,355 - INFO: 127.0.0.1 - - [20/Jan/2025 09:56:52] "POST /ai/chat HTTP/1.1" 200 -
2025-01-20 09:57:04,696 - INFO: 127.0.0.1 - - [20/Jan/2025 09:57:04] "OPTIONS /ai/chat HTTP/1.1" 200 -
2025-01-20 09:57:04,951 - INFO: Processing chat request: looking for a digital marketing expert
2025-01-20 09:57:04,962 - INFO: 127.0.0.1 - - [20/Jan/2025 09:57:04] "POST /ai/chat HTTP/1.1" 200 -
2025-01-20 09:57:16,219 - INFO: 127.0.0.1 - - [20/Jan/2025 09:57:16] "OPTIONS /ai/chat HTTP/1.1" 200 -
2025-01-20 09:57:16,485 - INFO: Processing chat request: digital marketing expert
2025-01-20 09:57:16,635 - INFO: 127.0.0.1 - - [20/Jan/2025 09:57:16] "POST /ai/chat HTTP/1.1" 200 -
2025-01-20 09:57:36,743 - INFO: 127.0.0.1 - - [20/Jan/2025 09:57:36] "OPTIONS /ai/chat HTTP/1.1" 200 -
2025-01-20 09:57:37,002 - INFO: Processing chat request: find me a digital marketing expert
2025-01-20 09:57:37,134 - INFO: 127.0.0.1 - - [20/Jan/2025 09:57:37] "POST /ai/chat HTTP/1.1" 200 -
2025-01-20 09:58:54,307 - INFO: 127.0.0.1 - - [20/Jan/2025 09:58:54] "OPTIONS /ai/chat HTTP/1.1" 200 -
2025-01-20 09:58:54,559 - INFO: Processing chat request: submit_project_details
2025-01-20 09:58:54,915 - INFO: Found 0 top matches
2025-01-20 09:58:54,917 - INFO: 127.0.0.1 - - [20/Jan/2025 09:58:54] "POST /ai/chat HTTP/1.1" 200 -
